******************************************************************************
                  TI ARM Linker PC v20.2.7                     
******************************************************************************
>> Linked Thu Feb 15 15:56:51 2024

OUTPUT FILE NAME:   <test rtos.out>
ENTRY POINT SYMBOL: "_c_int00_noargs"  address: 00003391


MEMORY CONFIGURATION

         name            origin    length      used     unused   attr    fill
----------------------  --------  ---------  --------  --------  ----  --------
  FLASH                 00000000   00040000  00003452  0003cbae  R  X
  SRAM                  20000000   00008000  00005150  00002eb0  RW X


SEGMENT ALLOCATION MAP

run origin  load origin   length   init length attrs members
----------  ----------- ---------- ----------- ----- -------
00000000    00000000    00003458   00003458    r-x
  00000000    00000000    0000026c   0000026c    r-- .intvecs
  0000026c    0000026c    0000319e   0000319e    r-x .text
  0000340c    0000340c    00000008   00000008    r-- .const
  00003418    00003418    00000040   00000040    r-- .cinit
20000000    20000000    00005150   00000000    rw-
  20000000    20000000    00004f00   00000000    rw- .bss
  20004f00    20004f00    00000200   00000000    rw- .stack
  20005100    20005100    00000050   00000000    rw- .data


SECTION ALLOCATION MAP

 output                                  attributes/
section   page    origin      length       input sections
--------  ----  ----------  ----------   ----------------
.intvecs   0    00000000    0000026c     
                  00000000    0000026c     tm4c123gh6pm_startup_ccs.obj (.intvecs)

.text      0    0000026c    0000319e     
                  0000026c    00001c54     tasks.obj (.text)
                  00001ec0    00000c54     GPIO.obj (.text)
                  00002b14    000001c4     port.obj (.text)
                  00002cd8    000001b8     heap_2.obj (.text)
                  00002e90    00000132     list.obj (.text)
                  00002fc2    00000002     --HOLE-- [fill = 0]
                  00002fc4    00000130     main.obj (.text)
                  000030f4    000000da     portasm.obj (.text)
                  000031ce    0000009c     rtsv7M4_T_le_v4SPD16_eabi.lib : memcpy_t2.asm.obj (.text)
                  0000326a    0000007a                                   : memset_t2.asm.obj (.text)
                  000032e4    00000068                                   : copy_decompress_lzss.c.obj (.text:decompress:lzss:__TI_decompress_lzss)
                  0000334c    00000044                                   : autoinit.c.obj (.text:__TI_auto_init_nobinit_nopinit:__TI_auto_init_nobinit_nopinit)
                  00003390    00000034                                   : boot_cortex_m.c.obj (.text:_c_int00_noargs:_c_int00_noargs)
                  000033c4    00000018                                   : ll_mul_t2.asm.obj (.text)
                  000033dc    0000000e                                   : copy_decompress_none.c.obj (.text:decompress:none:__TI_decompress_none)
                  000033ea    0000000c                                   : copy_zero_init.c.obj (.text:decompress:ZI:__TI_zero_init)
                  000033f6    0000000c     tm4c123gh6pm_startup_ccs.obj (.text)
                  00003402    00000004     rtsv7M4_T_le_v4SPD16_eabi.lib : pre_init.c.obj (.text:_system_pre_init)
                  00003406    00000004                                   : exit.c.obj (.text:abort:abort)

.const     0    0000340c    00000008     
                  0000340c    00000008     port.obj (.const)

.cinit     0    00003418    00000040     
                  00003418    0000001b     (.cinit..data.load) [load image, compression = lzss]
                  00003433    00000001     --HOLE-- [fill = 0]
                  00003434    0000000c     (__TI_handler_table)
                  00003440    00000008     (.cinit..bss.load) [load image, compression = zero_init]
                  00003448    00000010     (__TI_cinit_table)

.init_array 
*          0    00000000    00000000     UNINITIALIZED

.bss       0    20000000    00004f00     UNINITIALIZED
                  20000000    00004e20     heap_2.obj (.bss:ucHeap)
                  20004e20    00000064     tasks.obj (.bss:pxReadyTasksLists)
                  20004e84    00000014     tasks.obj (.bss:xDelayedTaskList1)
                  20004e98    00000014     tasks.obj (.bss:xDelayedTaskList2)
                  20004eac    00000014     tasks.obj (.bss:xPendingReadyList)
                  20004ec0    00000014     tasks.obj (.bss:xSuspendedTaskList)
                  20004ed4    00000014     tasks.obj (.bss:xTasksWaitingTermination)
                  20004ee8    00000008     tasks.obj (.bss)
                  20004ef0    00000008     heap_2.obj (.bss:xEnd)
                  20004ef8    00000008     heap_2.obj (.bss:xStart)

.data      0    20005100    00000050     UNINITIALIZED
                  20005100    00000034     tasks.obj (.data)
                  20005134    0000000c     port.obj (.data)
                  20005140    00000008     heap_2.obj (.data)
                  20005148    00000008     main.obj (.data)

.stack     0    20004f00    00000200     UNINITIALIZED
                  20004f00    00000004     rtsv7M4_T_le_v4SPD16_eabi.lib : boot_cortex_m.c.obj (.stack)
                  20004f04    000001fc     --HOLE--

__llvm_prf_cnts 
*          0    20000000    00000000     UNINITIALIZED

MODULE SUMMARY

       Module                         code    ro data   rw data
       ------                         ----    -------   -------
    .\
       GPIO.obj                       3156    0         0      
       tm4c123gh6pm_startup_ccs.obj   12      620       0      
       main.obj                       304     0         8      
    +--+------------------------------+-------+---------+---------+
       Total:                         3472    620       8      
                                                               
    .\RTOS\
       heap_2.obj                     440     0         20024  
       tasks.obj                      7252    0         260    
       port.obj                       452     8         12     
       list.obj                       306     0         0      
       portasm.obj                    218     0         0      
    +--+------------------------------+-------+---------+---------+
       Total:                         8668    8         20296  
                                                               
    C:\ti\ccs1250\ccs\tools\compiler\ti-cgt-arm_20.2.7.LTS\lib\rtsv7M4_T_le_v4SPD16_eabi.lib
       memcpy_t2.asm.obj              156     0         0      
       memset_t2.asm.obj              122     0         0      
       copy_decompress_lzss.c.obj     104     0         0      
       autoinit.c.obj                 68      0         0      
       boot_cortex_m.c.obj            52      0         0      
       ll_mul_t2.asm.obj              24      0         0      
       copy_decompress_none.c.obj     14      0         0      
       copy_zero_init.c.obj           12      0         0      
       exit.c.obj                     4       0         0      
       pre_init.c.obj                 4       0         0      
    +--+------------------------------+-------+---------+---------+
       Total:                         560     0         0      
                                                               
       Stack:                         0       0         512    
       Linker Generated:              0       63        0      
    +--+------------------------------+-------+---------+---------+
       Grand Total:                   12700   691       20816  


LINKER GENERATED COPY TABLES

__TI_cinit_table @ 00003448 records: 2, size/record: 8, table size: 16
	.data: load addr=00003418, load size=0000001b bytes, run addr=20005100, run size=00000050 bytes, compression=lzss
	.bss: load addr=00003440, load size=00000008 bytes, run addr=20000000, run size=00004f00 bytes, compression=zero_init


LINKER GENERATED HANDLER TABLE

__TI_handler_table @ 00003434 records: 3, size/record: 4, table size: 12
	index: 0, handler: __TI_decompress_lzss
	index: 1, handler: __TI_decompress_none
	index: 2, handler: __TI_zero_init


GLOBAL SYMBOLS: SORTED ALPHABETICALLY BY Name 

address   name                               
-------   ----                               
00003407  C$$EXIT                            
00002fc5  Delay_MS                           
000026a1  GPIO_GetPinState                   
00001ec1  GPIO_Init                          
000020b9  GPIO_SetPinDirection               
0000250d  GPIO_SetPinState                   
00002791  GPIO_SetPortDirection              
000029af  GPIO_SetPortState                  
00002a27  GPIO_readPort                      
000033f7  ResetISR                           
20005148  Task_Handle1                       
2000514c  Task_Handle2                       
20005100  __STACK_END                        
00000200  __STACK_SIZE                       
20005100  __STACK_TOP                        
00003448  __TI_CINIT_Base                    
00003458  __TI_CINIT_Limit                   
00003434  __TI_Handler_Table_Base            
00003440  __TI_Handler_Table_Limit           
0000334d  __TI_auto_init_nobinit_nopinit     
000032e5  __TI_decompress_lzss               
000033dd  __TI_decompress_none               
ffffffff  __TI_pprof_out_hndl                
ffffffff  __TI_prof_data_size                
ffffffff  __TI_prof_data_start               
00000000  __TI_static_base__                 
000033eb  __TI_zero_init                     
000033c5  __aeabi_lmul                       
0000326b  __aeabi_memclr                     
0000326b  __aeabi_memclr4                    
0000326b  __aeabi_memclr8                    
000031cf  __aeabi_memcpy                     
000031cf  __aeabi_memcpy4                    
000031cf  __aeabi_memcpy8                    
0000326d  __aeabi_memset                     
0000326d  __aeabi_memset4                    
0000326d  __aeabi_memset8                    
ffffffff  __binit__                          
ffffffff  __c_args__                         
UNDEFED   __mpu_init                         
20004f00  __stack                            
20000000  __start___llvm_prf_cnts            
20000000  __stop___llvm_prf_cnts             
00003391  _c_int00_noargs                    
UNDEFED   _system_post_cinit                 
00003403  _system_pre_init                   
00003407  abort                              
ffffffff  binit                              
00000609  eTaskGetState                      
00000000  g_pfnVectors                       
00003005  main                               
000031cf  memcpy                             
00003273  memset                             
00000c49  pcTaskGetName                      
00002cd9  pvPortMalloc                       
000018bf  pvTaskIncrementMutexHeldCount      
20005100  pxCurrentTCB                       
00002b15  pxPortInitialiseStack              
00003081  task1                              
000030ab  task2                              
0000340c  ulMaxSyscallInterruptPriority      
00003105  ulPortGetIPSR                      
000018e5  ulTaskGenericNotifyTake            
00001dbd  ulTaskGenericNotifyValueClear      
00002f7b  uxListRemove                       
00000c3f  uxTaskGetNumberOfTasks             
000015e1  uxTaskGetStackHighWaterMark        
00000dd9  uxTaskGetSystemState               
0000134b  uxTaskGetTaskNumber                
000006d5  uxTaskPriorityGet                  
00000701  uxTaskPriorityGetFromISR           
00001899  uxTaskResetEventItemValue          
00002e91  vListInitialise                    
00002ec1  vListInitialiseItem                
00002f0d  vListInsert                        
00002ed1  vListInsertEnd                     
000031c1  vPortEnableVFP                     
00002c13  vPortEndScheduler                  
00002c15  vPortEnterCritical                 
00002c35  vPortExitCritical                  
00002dd1  vPortFree                          
00002e35  vPortInitialiseBlocks              
0000317d  vPortSVCHandler                    
00002c71  vPortSetupTimerInterrupt           
0000319d  vPortStartFirstTask                
00002c8d  vPortValidateInterruptPriority     
000005c3  vTaskDelay                         
00000515  vTaskDelayUntil                    
00000489  vTaskDelete                        
00000ad5  vTaskEndScheduler                  
00001ca7  vTaskGenericNotifyGiveFromISR      
0000144d  vTaskGetInfo                       
0000127d  vTaskInternalSetTimeOutState       
00001343  vTaskMissedYield                   
00001101  vTaskPlaceOnEventList              
00001121  vTaskPlaceOnUnorderedEventList     
000017e5  vTaskPriorityDisinheritAfterTimeout
0000074d  vTaskPrioritySet                   
000011ed  vTaskRemoveFromUnorderedEventList  
0000096d  vTaskResume                        
0000136b  vTaskSetTaskNumber                 
00001255  vTaskSetTimeOutState               
00000a85  vTaskStartScheduler                
0000085d  vTaskSuspend                       
00000af1  vTaskSuspendAll                    
0000107b  vTaskSwitchContext                 
00002e2f  xPortGetFreeHeapSize               
0000311d  xPortPendSVHandler                 
00002b7f  xPortStartScheduler                
00002c4b  xPortSysTickHandler                
00000ed9  xTaskAbortDelay                    
00000eb1  xTaskCatchUpTicks                  
00001297  xTaskCheckForTimeOut               
0000026d  xTaskCreate                        
00001a5b  xTaskGenericNotify                 
00001b71  xTaskGenericNotifyFromISR          
00001d6b  xTaskGenericNotifyStateClear       
00001995  xTaskGenericNotifyWait             
00001651  xTaskGetCurrentTaskHandle          
00000d4d  xTaskGetHandle                     
00000eab  xTaskGetIdleTaskHandle             
00001671  xTaskGetSchedulerState             
00000bf9  xTaskGetTickCount                  
00000c11  xTaskGetTickCountFromISR           
00000f6d  xTaskIncrementTick                 
00001765  xTaskPriorityDisinherit            
000016ad  xTaskPriorityInherit               
0000115d  xTaskRemoveFromEventList           
00000b05  xTaskResumeAll                     
000009e9  xTaskResumeFromISR                 


GLOBAL SYMBOLS: SORTED BY Symbol Address 

address   name                               
-------   ----                               
00000000  __TI_static_base__                 
00000000  g_pfnVectors                       
00000200  __STACK_SIZE                       
0000026d  xTaskCreate                        
00000489  vTaskDelete                        
00000515  vTaskDelayUntil                    
000005c3  vTaskDelay                         
00000609  eTaskGetState                      
000006d5  uxTaskPriorityGet                  
00000701  uxTaskPriorityGetFromISR           
0000074d  vTaskPrioritySet                   
0000085d  vTaskSuspend                       
0000096d  vTaskResume                        
000009e9  xTaskResumeFromISR                 
00000a85  vTaskStartScheduler                
00000ad5  vTaskEndScheduler                  
00000af1  vTaskSuspendAll                    
00000b05  xTaskResumeAll                     
00000bf9  xTaskGetTickCount                  
00000c11  xTaskGetTickCountFromISR           
00000c3f  uxTaskGetNumberOfTasks             
00000c49  pcTaskGetName                      
00000d4d  xTaskGetHandle                     
00000dd9  uxTaskGetSystemState               
00000eab  xTaskGetIdleTaskHandle             
00000eb1  xTaskCatchUpTicks                  
00000ed9  xTaskAbortDelay                    
00000f6d  xTaskIncrementTick                 
0000107b  vTaskSwitchContext                 
00001101  vTaskPlaceOnEventList              
00001121  vTaskPlaceOnUnorderedEventList     
0000115d  xTaskRemoveFromEventList           
000011ed  vTaskRemoveFromUnorderedEventList  
00001255  vTaskSetTimeOutState               
0000127d  vTaskInternalSetTimeOutState       
00001297  xTaskCheckForTimeOut               
00001343  vTaskMissedYield                   
0000134b  uxTaskGetTaskNumber                
0000136b  vTaskSetTaskNumber                 
0000144d  vTaskGetInfo                       
000015e1  uxTaskGetStackHighWaterMark        
00001651  xTaskGetCurrentTaskHandle          
00001671  xTaskGetSchedulerState             
000016ad  xTaskPriorityInherit               
00001765  xTaskPriorityDisinherit            
000017e5  vTaskPriorityDisinheritAfterTimeout
00001899  uxTaskResetEventItemValue          
000018bf  pvTaskIncrementMutexHeldCount      
000018e5  ulTaskGenericNotifyTake            
00001995  xTaskGenericNotifyWait             
00001a5b  xTaskGenericNotify                 
00001b71  xTaskGenericNotifyFromISR          
00001ca7  vTaskGenericNotifyGiveFromISR      
00001d6b  xTaskGenericNotifyStateClear       
00001dbd  ulTaskGenericNotifyValueClear      
00001ec1  GPIO_Init                          
000020b9  GPIO_SetPinDirection               
0000250d  GPIO_SetPinState                   
000026a1  GPIO_GetPinState                   
00002791  GPIO_SetPortDirection              
000029af  GPIO_SetPortState                  
00002a27  GPIO_readPort                      
00002b15  pxPortInitialiseStack              
00002b7f  xPortStartScheduler                
00002c13  vPortEndScheduler                  
00002c15  vPortEnterCritical                 
00002c35  vPortExitCritical                  
00002c4b  xPortSysTickHandler                
00002c71  vPortSetupTimerInterrupt           
00002c8d  vPortValidateInterruptPriority     
00002cd9  pvPortMalloc                       
00002dd1  vPortFree                          
00002e2f  xPortGetFreeHeapSize               
00002e35  vPortInitialiseBlocks              
00002e91  vListInitialise                    
00002ec1  vListInitialiseItem                
00002ed1  vListInsertEnd                     
00002f0d  vListInsert                        
00002f7b  uxListRemove                       
00002fc5  Delay_MS                           
00003005  main                               
00003081  task1                              
000030ab  task2                              
00003105  ulPortGetIPSR                      
0000311d  xPortPendSVHandler                 
0000317d  vPortSVCHandler                    
0000319d  vPortStartFirstTask                
000031c1  vPortEnableVFP                     
000031cf  __aeabi_memcpy                     
000031cf  __aeabi_memcpy4                    
000031cf  __aeabi_memcpy8                    
000031cf  memcpy                             
0000326b  __aeabi_memclr                     
0000326b  __aeabi_memclr4                    
0000326b  __aeabi_memclr8                    
0000326d  __aeabi_memset                     
0000326d  __aeabi_memset4                    
0000326d  __aeabi_memset8                    
00003273  memset                             
000032e5  __TI_decompress_lzss               
0000334d  __TI_auto_init_nobinit_nopinit     
00003391  _c_int00_noargs                    
000033c5  __aeabi_lmul                       
000033dd  __TI_decompress_none               
000033eb  __TI_zero_init                     
000033f7  ResetISR                           
00003403  _system_pre_init                   
00003407  C$$EXIT                            
00003407  abort                              
0000340c  ulMaxSyscallInterruptPriority      
00003434  __TI_Handler_Table_Base            
00003440  __TI_Handler_Table_Limit           
00003448  __TI_CINIT_Base                    
00003458  __TI_CINIT_Limit                   
20000000  __start___llvm_prf_cnts            
20000000  __stop___llvm_prf_cnts             
20004f00  __stack                            
20005100  __STACK_END                        
20005100  __STACK_TOP                        
20005100  pxCurrentTCB                       
20005148  Task_Handle1                       
2000514c  Task_Handle2                       
ffffffff  __TI_pprof_out_hndl                
ffffffff  __TI_prof_data_size                
ffffffff  __TI_prof_data_start               
ffffffff  __binit__                          
ffffffff  __c_args__                         
ffffffff  binit                              
UNDEFED   __mpu_init                         
UNDEFED   _system_post_cinit                 

[130 symbols]
