Component: Arm Compiler for Embedded 6.19 Tool: armlink [5e73cb00]

==============================================================================

Section Cross References

    bluetooth.o(.text.Bluetooth_init) refers to uart.o(.text.UART_INIT) for UART_INIT
    bluetooth.o(.ARM.exidx.text.Bluetooth_init) refers to bluetooth.o(.text.Bluetooth_init) for [Anonymous Symbol]
    bluetooth.o(.text.Bluetooth_Read) refers to uart.o(.text.UART_RX) for UART_RX
    bluetooth.o(.ARM.exidx.text.Bluetooth_Read) refers to bluetooth.o(.text.Bluetooth_Read) for [Anonymous Symbol]
    bluetooth.o(.text.Bluetooth_Write) refers to uart.o(.text.UART_TX) for UART_TX
    bluetooth.o(.ARM.exidx.text.Bluetooth_Write) refers to bluetooth.o(.text.Bluetooth_Write) for [Anonymous Symbol]
    bluetooth.o(.text.Bluetooth_Write_String) refers to bluetooth.o(.text.Bluetooth_Write) for Bluetooth_Write
    bluetooth.o(.ARM.exidx.text.Bluetooth_Write_String) refers to bluetooth.o(.text.Bluetooth_Write_String) for [Anonymous Symbol]
    bluetooth.o(.ARM.exidx.text.Delay) refers to bluetooth.o(.text.Delay) for [Anonymous Symbol]
    bluetooth.o(.text.Bluetooth_Control) refers to motor.o(.text.Motor_GoForward) for Motor_GoForward
    bluetooth.o(.text.Bluetooth_Control) refers to bluetooth.o(.rodata.str1.1) for .L.str
    bluetooth.o(.text.Bluetooth_Control) refers to bluetooth.o(.text.Bluetooth_Write_String) for Bluetooth_Write_String
    bluetooth.o(.text.Bluetooth_Control) refers to motor.o(.text.Motor_Backward) for Motor_Backward
    bluetooth.o(.text.Bluetooth_Control) refers to motor.o(.text.Motor_LEFT) for Motor_LEFT
    bluetooth.o(.text.Bluetooth_Control) refers to motor.o(.text.Motor_Right) for Motor_Right
    bluetooth.o(.text.Bluetooth_Control) refers to motor.o(.text.Motor_Stop) for Motor_Stop
    bluetooth.o(.ARM.exidx.text.Bluetooth_Control) refers to bluetooth.o(.text.Bluetooth_Control) for [Anonymous Symbol]
    gpio.o(.ARM.exidx.text.GPIO_Init) refers to gpio.o(.text.GPIO_Init) for [Anonymous Symbol]
    gpio.o(.ARM.exidx.text.GPIO_SetPinDirection) refers to gpio.o(.text.GPIO_SetPinDirection) for [Anonymous Symbol]
    gpio.o(.ARM.exidx.text.GPIO_SetPinState) refers to gpio.o(.text.GPIO_SetPinState) for [Anonymous Symbol]
    gpio.o(.ARM.exidx.text.GPIO_GetPinState) refers to gpio.o(.text.GPIO_GetPinState) for [Anonymous Symbol]
    gpio.o(.ARM.exidx.text.GPIO_SetPortDirection) refers to gpio.o(.text.GPIO_SetPortDirection) for [Anonymous Symbol]
    gpio.o(.ARM.exidx.text.GPIO_SetPortState) refers to gpio.o(.text.GPIO_SetPortState) for [Anonymous Symbol]
    gpio.o(.ARM.exidx.text.GPIO_readPort) refers to gpio.o(.text.GPIO_readPort) for [Anonymous Symbol]
    main.o(.text.main) refers to motor.o(.text.Motor_Init) for Motor_Init
    main.o(.text.main) refers to bluetooth.o(.text.Bluetooth_init) for Bluetooth_init
    main.o(.text.main) refers to bluetooth.o(.text.Delay) for Delay
    main.o(.text.main) refers to bluetooth.o(.text.Bluetooth_Read) for Bluetooth_Read
    main.o(.text.main) refers to bluetooth.o(.text.Bluetooth_Control) for Bluetooth_Control
    main.o(.ARM.exidx.text.main) refers to main.o(.text.main) for [Anonymous Symbol]
    motor.o(.text.Motor_Init) refers to motor.o(.data.freq) for freq
    motor.o(.text.Motor_Init) refers to motor.o(.data.duty_cycle) for duty_cycle
    motor.o(.text.Motor_Init) refers to pwm.o(.text.PWM_Init) for PWM_Init
    motor.o(.text.Motor_Init) refers to gpio.o(.text.GPIO_Init) for GPIO_Init
    motor.o(.text.Motor_Init) refers to gpio.o(.text.GPIO_SetPinDirection) for GPIO_SetPinDirection
    motor.o(.text.Motor_Init) refers to gpio.o(.text.GPIO_SetPinState) for GPIO_SetPinState
    motor.o(.ARM.exidx.text.Motor_Init) refers to motor.o(.text.Motor_Init) for [Anonymous Symbol]
    motor.o(.text.Motor_Start) refers to pwm.o(.text.PWMGenEnable) for PWMGenEnable
    motor.o(.ARM.exidx.text.Motor_Start) refers to motor.o(.text.Motor_Start) for [Anonymous Symbol]
    motor.o(.text.Motor_Stop) refers to pwm.o(.text.PWMGenDisable) for PWMGenDisable
    motor.o(.ARM.exidx.text.Motor_Stop) refers to motor.o(.text.Motor_Stop) for [Anonymous Symbol]
    motor.o(.text.Motor_GoForward) refers to gpio.o(.text.GPIO_SetPinState) for GPIO_SetPinState
    motor.o(.ARM.exidx.text.Motor_GoForward) refers to motor.o(.text.Motor_GoForward) for [Anonymous Symbol]
    motor.o(.text.Motor_Backward) refers to gpio.o(.text.GPIO_SetPinState) for GPIO_SetPinState
    motor.o(.ARM.exidx.text.Motor_Backward) refers to motor.o(.text.Motor_Backward) for [Anonymous Symbol]
    motor.o(.text.Motor_LEFT) refers to gpio.o(.text.GPIO_SetPinState) for GPIO_SetPinState
    motor.o(.ARM.exidx.text.Motor_LEFT) refers to motor.o(.text.Motor_LEFT) for [Anonymous Symbol]
    motor.o(.text.Motor_Right) refers to gpio.o(.text.GPIO_SetPinState) for GPIO_SetPinState
    motor.o(.ARM.exidx.text.Motor_Right) refers to motor.o(.text.Motor_Right) for [Anonymous Symbol]
    motor.o(.text.Motor_SetSpeed) refers to motor.o(.data.freq) for freq
    motor.o(.text.Motor_SetSpeed) refers to pwm.o(.text.PWM_Init) for PWM_Init
    motor.o(.ARM.exidx.text.Motor_SetSpeed) refers to motor.o(.text.Motor_SetSpeed) for [Anonymous Symbol]
    pwm.o(.ARM.exidx.text.PWMClockSet) refers to pwm.o(.text.PWMClockSet) for [Anonymous Symbol]
    pwm.o(.ARM.exidx.text.PWMDiv) refers to pwm.o(.text.PWMDiv) for [Anonymous Symbol]
    pwm.o(.ARM.exidx.text.PWMPinConfigure) refers to pwm.o(.text.PWMPinConfigure) for [Anonymous Symbol]
    pwm.o(.ARM.exidx.text.PWMGenDisable) refers to pwm.o(.text.PWMGenDisable) for [Anonymous Symbol]
    pwm.o(.ARM.exidx.text.PWMGenConfigure) refers to pwm.o(.text.PWMGenConfigure) for [Anonymous Symbol]
    pwm.o(.text.PWMGenPeriodSet) refers to pwm.o(.bss.Load) for Load
    pwm.o(.ARM.exidx.text.PWMGenPeriodSet) refers to pwm.o(.text.PWMGenPeriodSet) for [Anonymous Symbol]
    pwm.o(.text.PWMDutyCycleSet) refers to dflt_clz.o(x$fpl$dfltu) for __aeabi_ui2d
    pwm.o(.text.PWMDutyCycleSet) refers to dmul.o(x$fpl$dmul) for __aeabi_dmul
    pwm.o(.text.PWMDutyCycleSet) refers to pwm.o(.bss.Load) for Load
    pwm.o(.text.PWMDutyCycleSet) refers to daddsub_clz.o(x$fpl$dadd) for __aeabi_dadd
    pwm.o(.text.PWMDutyCycleSet) refers to dfixu.o(x$fpl$dfixu) for __aeabi_d2uiz
    pwm.o(.ARM.exidx.text.PWMDutyCycleSet) refers to pwm.o(.text.PWMDutyCycleSet) for [Anonymous Symbol]
    pwm.o(.ARM.exidx.text.PWMGenEnable) refers to pwm.o(.text.PWMGenEnable) for [Anonymous Symbol]
    pwm.o(.text.PWM_Init) refers to pwm.o(.text.PWMClockSet) for PWMClockSet
    pwm.o(.text.PWM_Init) refers to pwm.o(.text.PWMDiv) for PWMDiv
    pwm.o(.text.PWM_Init) refers to pwm.o(.text.PWMPinConfigure) for PWMPinConfigure
    pwm.o(.text.PWM_Init) refers to pwm.o(.text.PWMGenDisable) for PWMGenDisable
    pwm.o(.text.PWM_Init) refers to pwm.o(.text.PWMGenConfigure) for PWMGenConfigure
    pwm.o(.text.PWM_Init) refers to pwm.o(.text.PWMGenPeriodSet) for PWMGenPeriodSet
    pwm.o(.text.PWM_Init) refers to pwm.o(.text.PWMDutyCycleSet) for PWMDutyCycleSet
    pwm.o(.text.PWM_Init) refers to pwm.o(.text.PWMGenEnable) for PWMGenEnable
    pwm.o(.ARM.exidx.text.PWM_Init) refers to pwm.o(.text.PWM_Init) for [Anonymous Symbol]
    rgb_leds.o(.text.RGB_LEDS_Init) refers to gpio.o(.text.GPIO_Init) for GPIO_Init
    rgb_leds.o(.text.RGB_LEDS_Init) refers to gpio.o(.text.GPIO_SetPinState) for GPIO_SetPinState
    rgb_leds.o(.ARM.exidx.text.RGB_LEDS_Init) refers to rgb_leds.o(.text.RGB_LEDS_Init) for [Anonymous Symbol]
    rgb_leds.o(.text.RGB_LEDS_State) refers to rgb_leds.o(.text.RGB_LEDS_Init) for RGB_LEDS_Init
    rgb_leds.o(.text.RGB_LEDS_State) refers to gpio.o(.text.GPIO_SetPinState) for GPIO_SetPinState
    rgb_leds.o(.ARM.exidx.text.RGB_LEDS_State) refers to rgb_leds.o(.text.RGB_LEDS_State) for [Anonymous Symbol]
    uart.o(.ARM.exidx.text.UART_INIT) refers to uart.o(.text.UART_INIT) for [Anonymous Symbol]
    uart.o(.ARM.exidx.text.UART_TX) refers to uart.o(.text.UART_TX) for [Anonymous Symbol]
    uart.o(.ARM.exidx.text.UART_RX) refers to uart.o(.text.UART_RX) for [Anonymous Symbol]
    uart.o(.ARM.exidx.text.UARTIntEnable) refers to uart.o(.text.UARTIntEnable) for [Anonymous Symbol]
    uart.o(.ARM.exidx.text.UARTIntDisable) refers to uart.o(.text.UARTIntDisable) for [Anonymous Symbol]
    uart.o(.text.UART0_Handler) refers to uart.o(.bss.data) for data
    uart.o(.ARM.exidx.text.UART0_Handler) refers to uart.o(.text.UART0_Handler) for [Anonymous Symbol]
    uart.o(.text.UART1_Handler) refers to uart.o(.bss.data) for data
    uart.o(.ARM.exidx.text.UART1_Handler) refers to uart.o(.text.UART1_Handler) for [Anonymous Symbol]
    uart.o(.text.UART2_Handler) refers to uart.o(.bss.data) for data
    uart.o(.ARM.exidx.text.UART2_Handler) refers to uart.o(.text.UART2_Handler) for [Anonymous Symbol]
    uart.o(.text.UART3_Handler) refers to uart.o(.bss.data) for data
    uart.o(.ARM.exidx.text.UART3_Handler) refers to uart.o(.text.UART3_Handler) for [Anonymous Symbol]
    uart.o(.text.UART4_Handler) refers to uart.o(.bss.data) for data
    uart.o(.ARM.exidx.text.UART4_Handler) refers to uart.o(.text.UART4_Handler) for [Anonymous Symbol]
    uart.o(.text.UART5_Handler) refers to uart.o(.bss.data) for data
    uart.o(.ARM.exidx.text.UART5_Handler) refers to uart.o(.text.UART5_Handler) for [Anonymous Symbol]
    uart.o(.text.UART6_Handler) refers to uart.o(.bss.data) for data
    uart.o(.ARM.exidx.text.UART6_Handler) refers to uart.o(.text.UART6_Handler) for [Anonymous Symbol]
    uart.o(.text.UART7_Handler) refers to uart.o(.bss.data) for data
    uart.o(.ARM.exidx.text.UART7_Handler) refers to uart.o(.text.UART7_Handler) for [Anonymous Symbol]
    startup_tm4c123.o(STACK) refers (Special) to heapauxi.o(.text) for __use_two_region_memory
    startup_tm4c123.o(HEAP) refers (Special) to heapauxi.o(.text) for __use_two_region_memory
    startup_tm4c123.o(RESET) refers (Special) to heapauxi.o(.text) for __use_two_region_memory
    startup_tm4c123.o(RESET) refers to startup_tm4c123.o(STACK) for __initial_sp
    startup_tm4c123.o(RESET) refers to startup_tm4c123.o(.text) for Reset_Handler
    startup_tm4c123.o(RESET) refers to uart.o(.text.UART0_Handler) for UART0_Handler
    startup_tm4c123.o(RESET) refers to uart.o(.text.UART1_Handler) for UART1_Handler
    startup_tm4c123.o(RESET) refers to uart.o(.text.UART2_Handler) for UART2_Handler
    startup_tm4c123.o(RESET) refers to uart.o(.text.UART3_Handler) for UART3_Handler
    startup_tm4c123.o(RESET) refers to uart.o(.text.UART4_Handler) for UART4_Handler
    startup_tm4c123.o(RESET) refers to uart.o(.text.UART5_Handler) for UART5_Handler
    startup_tm4c123.o(RESET) refers to uart.o(.text.UART6_Handler) for UART6_Handler
    startup_tm4c123.o(RESET) refers to uart.o(.text.UART7_Handler) for UART7_Handler
    startup_tm4c123.o(.text) refers (Special) to heapauxi.o(.text) for __use_two_region_memory
    startup_tm4c123.o(.text) refers to system_tm4c123.o(.text.SystemInit) for SystemInit
    startup_tm4c123.o(.text) refers to __main.o(!!!main) for __main
    startup_tm4c123.o(.text) refers to startup_tm4c123.o(HEAP) for Heap_Mem
    startup_tm4c123.o(.text) refers to startup_tm4c123.o(STACK) for Stack_Mem
    system_tm4c123.o(.text.SystemCoreClockUpdate) refers to system_tm4c123.o(.text.getOscClk) for getOscClk
    system_tm4c123.o(.text.SystemCoreClockUpdate) refers to system_tm4c123.o(.data.SystemCoreClock) for SystemCoreClock
    system_tm4c123.o(.ARM.exidx.text.SystemCoreClockUpdate) refers to system_tm4c123.o(.text.SystemCoreClockUpdate) for [Anonymous Symbol]
    system_tm4c123.o(.ARM.exidx.text.getOscClk) refers to system_tm4c123.o(.text.getOscClk) for [Anonymous Symbol]
    system_tm4c123.o(.ARM.exidx.text.SystemInit) refers to system_tm4c123.o(.text.SystemInit) for [Anonymous Symbol]
    __main.o(!!!main) refers to __rtentry.o(.ARM.Collect$$rtentry$$00000000) for __rt_entry
    daddsub_clz.o(x$fpl$dadd) refers (Special) to usenofp.o(x$fpl$usenofp) for __I$use$fp
    daddsub_clz.o(x$fpl$dadd) refers to daddsub_clz.o(x$fpl$dsub) for _dsub1
    daddsub_clz.o(x$fpl$dadd) refers to dretinf.o(x$fpl$dretinf) for __fpl_dretinf
    daddsub_clz.o(x$fpl$dadd) refers to dnaninf.o(x$fpl$dnaninf) for __fpl_dnaninf
    daddsub_clz.o(x$fpl$drsb) refers (Special) to usenofp.o(x$fpl$usenofp) for __I$use$fp
    daddsub_clz.o(x$fpl$drsb) refers to daddsub_clz.o(x$fpl$dadd) for _dadd1
    daddsub_clz.o(x$fpl$drsb) refers to daddsub_clz.o(x$fpl$dsub) for _dsub1
    daddsub_clz.o(x$fpl$dsub) refers (Special) to usenofp.o(x$fpl$usenofp) for __I$use$fp
    daddsub_clz.o(x$fpl$dsub) refers to daddsub_clz.o(x$fpl$dadd) for _dadd1
    daddsub_clz.o(x$fpl$dsub) refers to dnaninf.o(x$fpl$dnaninf) for __fpl_dnaninf
    dfixu.o(x$fpl$dfixu) refers (Special) to usenofp.o(x$fpl$usenofp) for __I$use$fp
    dfixu.o(x$fpl$dfixu) refers to dnaninf.o(x$fpl$dnaninf) for __fpl_dnaninf
    dfixu.o(x$fpl$dfixur) refers (Special) to usenofp.o(x$fpl$usenofp) for __I$use$fp
    dfixu.o(x$fpl$dfixur) refers to dnaninf.o(x$fpl$dnaninf) for __fpl_dnaninf
    dflt_clz.o(x$fpl$dfltu) refers (Special) to usenofp.o(x$fpl$usenofp) for __I$use$fp
    dflt_clz.o(x$fpl$dflt) refers (Special) to usenofp.o(x$fpl$usenofp) for __I$use$fp
    dflt_clz.o(x$fpl$dfltn) refers (Special) to usenofp.o(x$fpl$usenofp) for __I$use$fp
    dmul.o(x$fpl$dmul) refers (Special) to usenofp.o(x$fpl$usenofp) for __I$use$fp
    dmul.o(x$fpl$dmul) refers to dretinf.o(x$fpl$dretinf) for __fpl_dretinf
    dmul.o(x$fpl$dmul) refers to dnaninf.o(x$fpl$dnaninf) for __fpl_dnaninf
    __rtentry.o(.ARM.Collect$$rtentry$$00000000) refers (Special) to __rtentry2.o(.ARM.Collect$$rtentry$$0000000A) for __rt_entry_li
    __rtentry.o(.ARM.Collect$$rtentry$$00000000) refers (Special) to __rtentry2.o(.ARM.Collect$$rtentry$$0000000D) for __rt_entry_main
    __rtentry.o(.ARM.Collect$$rtentry$$00000000) refers (Special) to __rtentry2.o(.ARM.Collect$$rtentry$$0000000C) for __rt_entry_postli_1
    __rtentry.o(.ARM.Collect$$rtentry$$00000000) refers (Special) to __rtentry2.o(.ARM.Collect$$rtentry$$00000009) for __rt_entry_postsh_1
    __rtentry.o(.ARM.Collect$$rtentry$$00000000) refers (Special) to __rtentry2.o(.ARM.Collect$$rtentry$$00000002) for __rt_entry_presh_1
    __rtentry.o(.ARM.Collect$$rtentry$$00000000) refers (Special) to __rtentry4.o(.ARM.Collect$$rtentry$$00000004) for __rt_entry_sh
    dnaninf.o(x$fpl$dnaninf) refers (Special) to usenofp.o(x$fpl$usenofp) for __I$use$fp
    dretinf.o(x$fpl$dretinf) refers (Special) to usenofp.o(x$fpl$usenofp) for __I$use$fp
    __rtentry2.o(.ARM.Collect$$rtentry$$00000008) refers to boardinit2.o(.text) for _platform_post_stackheap_init
    __rtentry2.o(.ARM.Collect$$rtentry$$0000000A) refers to libinit.o(.ARM.Collect$$libinit$$00000000) for __rt_lib_init
    __rtentry2.o(.ARM.Collect$$rtentry$$0000000B) refers to boardinit3.o(.text) for _platform_post_lib_init
    __rtentry2.o(.ARM.Collect$$rtentry$$0000000D) refers to main.o(.text.main) for main
    __rtentry2.o(.ARM.Collect$$rtentry$$0000000D) refers to exit.o(.text) for exit
    __rtentry2.o(.ARM.exidx) refers to __rtentry2.o(.ARM.Collect$$rtentry$$00000001) for .ARM.Collect$$rtentry$$00000001
    __rtentry2.o(.ARM.exidx) refers to __rtentry2.o(.ARM.Collect$$rtentry$$00000008) for .ARM.Collect$$rtentry$$00000008
    __rtentry2.o(.ARM.exidx) refers to __rtentry2.o(.ARM.Collect$$rtentry$$0000000A) for .ARM.Collect$$rtentry$$0000000A
    __rtentry2.o(.ARM.exidx) refers to __rtentry2.o(.ARM.Collect$$rtentry$$0000000B) for .ARM.Collect$$rtentry$$0000000B
    __rtentry2.o(.ARM.exidx) refers to __rtentry2.o(.ARM.Collect$$rtentry$$0000000D) for .ARM.Collect$$rtentry$$0000000D
    __rtentry4.o(.ARM.Collect$$rtentry$$00000004) refers to sys_stackheap_outer.o(.text) for __user_setup_stackheap
    __rtentry4.o(.ARM.exidx) refers to __rtentry4.o(.ARM.Collect$$rtentry$$00000004) for .ARM.Collect$$rtentry$$00000004
    sys_stackheap_outer.o(.text) refers to libspace.o(.text) for __user_perproc_libspace
    sys_stackheap_outer.o(.text) refers to startup_tm4c123.o(.text) for __user_initial_stackheap
    exit.o(.text) refers to rtexit.o(.ARM.Collect$$rtexit$$00000000) for __rt_exit
    libinit.o(.ARM.Collect$$libinit$$00000000) refers (Special) to libinit2.o(.ARM.Collect$$libinit$$00000030) for __rt_lib_init_alloca_1
    libinit.o(.ARM.Collect$$libinit$$00000000) refers (Special) to libinit2.o(.ARM.Collect$$libinit$$0000002E) for __rt_lib_init_argv_1
    libinit.o(.ARM.Collect$$libinit$$00000000) refers (Special) to libinit2.o(.ARM.Collect$$libinit$$0000001D) for __rt_lib_init_atexit_1
    libinit.o(.ARM.Collect$$libinit$$00000000) refers (Special) to libinit2.o(.ARM.Collect$$libinit$$00000023) for __rt_lib_init_clock_1
    libinit.o(.ARM.Collect$$libinit$$00000000) refers (Special) to libinit2.o(.ARM.Collect$$libinit$$00000034) for __rt_lib_init_cpp_1
    libinit.o(.ARM.Collect$$libinit$$00000000) refers (Special) to libinit2.o(.ARM.Collect$$libinit$$00000032) for __rt_lib_init_exceptions_1
    libinit.o(.ARM.Collect$$libinit$$00000000) refers (Special) to libinit2.o(.ARM.Collect$$libinit$$00000001) for __rt_lib_init_fp_1
    libinit.o(.ARM.Collect$$libinit$$00000000) refers (Special) to libinit2.o(.ARM.Collect$$libinit$$00000021) for __rt_lib_init_fp_trap_1
    libinit.o(.ARM.Collect$$libinit$$00000000) refers (Special) to libinit2.o(.ARM.Collect$$libinit$$00000025) for __rt_lib_init_getenv_1
    libinit.o(.ARM.Collect$$libinit$$00000000) refers (Special) to libinit2.o(.ARM.Collect$$libinit$$0000000C) for __rt_lib_init_heap_1
    libinit.o(.ARM.Collect$$libinit$$00000000) refers (Special) to libinit2.o(.ARM.Collect$$libinit$$00000013) for __rt_lib_init_lc_collate_1
    libinit.o(.ARM.Collect$$libinit$$00000000) refers (Special) to libinit2.o(.ARM.Collect$$libinit$$00000015) for __rt_lib_init_lc_ctype_1
    libinit.o(.ARM.Collect$$libinit$$00000000) refers (Special) to libinit2.o(.ARM.Collect$$libinit$$00000017) for __rt_lib_init_lc_monetary_1
    libinit.o(.ARM.Collect$$libinit$$00000000) refers (Special) to libinit2.o(.ARM.Collect$$libinit$$00000019) for __rt_lib_init_lc_numeric_1
    libinit.o(.ARM.Collect$$libinit$$00000000) refers (Special) to libinit2.o(.ARM.Collect$$libinit$$0000001B) for __rt_lib_init_lc_time_1
    libinit.o(.ARM.Collect$$libinit$$00000000) refers (Special) to libinit2.o(.ARM.Collect$$libinit$$00000006) for __rt_lib_init_preinit_1
    libinit.o(.ARM.Collect$$libinit$$00000000) refers (Special) to libinit2.o(.ARM.Collect$$libinit$$00000010) for __rt_lib_init_rand_1
    libinit.o(.ARM.Collect$$libinit$$00000000) refers (Special) to libinit2.o(.ARM.Collect$$libinit$$00000004) for __rt_lib_init_relocate_pie_1
    libinit.o(.ARM.Collect$$libinit$$00000000) refers (Special) to libinit2.o(.ARM.Collect$$libinit$$00000035) for __rt_lib_init_return
    libinit.o(.ARM.Collect$$libinit$$00000000) refers (Special) to libinit2.o(.ARM.Collect$$libinit$$0000001F) for __rt_lib_init_signal_1
    libinit.o(.ARM.Collect$$libinit$$00000000) refers (Special) to libinit2.o(.ARM.Collect$$libinit$$00000027) for __rt_lib_init_stdio_1
    libinit.o(.ARM.Collect$$libinit$$00000000) refers (Special) to libinit2.o(.ARM.Collect$$libinit$$0000000E) for __rt_lib_init_user_alloc_1
    libspace.o(.text) refers to libspace.o(.bss) for __libspace_start
    rtexit.o(.ARM.Collect$$rtexit$$00000000) refers (Special) to rtexit2.o(.ARM.Collect$$rtexit$$00000004) for __rt_exit_exit
    rtexit.o(.ARM.Collect$$rtexit$$00000000) refers (Special) to rtexit2.o(.ARM.Collect$$rtexit$$00000003) for __rt_exit_ls
    rtexit.o(.ARM.Collect$$rtexit$$00000000) refers (Special) to rtexit2.o(.ARM.Collect$$rtexit$$00000002) for __rt_exit_prels_1
    rtexit.o(.ARM.exidx) refers (Special) to rtexit2.o(.ARM.Collect$$rtexit$$00000004) for __rt_exit_exit
    rtexit.o(.ARM.exidx) refers (Special) to rtexit2.o(.ARM.Collect$$rtexit$$00000003) for __rt_exit_ls
    rtexit.o(.ARM.exidx) refers (Special) to rtexit2.o(.ARM.Collect$$rtexit$$00000002) for __rt_exit_prels_1
    rtexit.o(.ARM.exidx) refers to rtexit.o(.ARM.Collect$$rtexit$$00000000) for .ARM.Collect$$rtexit$$00000000
    libinit2.o(.ARM.Collect$$libinit$$00000001) refers to fpinit.o(x$fpl$fpinit) for _fp_init
    libinit2.o(.ARM.Collect$$libinit$$00000012) refers to libinit2.o(.ARM.Collect$$libinit$$00000011) for .ARM.Collect$$libinit$$00000011
    libinit2.o(.ARM.Collect$$libinit$$00000014) refers to libinit2.o(.ARM.Collect$$libinit$$00000011) for .ARM.Collect$$libinit$$00000011
    libinit2.o(.ARM.Collect$$libinit$$00000016) refers to libinit2.o(.ARM.Collect$$libinit$$00000011) for .ARM.Collect$$libinit$$00000011
    libinit2.o(.ARM.Collect$$libinit$$00000018) refers to libinit2.o(.ARM.Collect$$libinit$$00000011) for .ARM.Collect$$libinit$$00000011
    libinit2.o(.ARM.Collect$$libinit$$0000001A) refers to libinit2.o(.ARM.Collect$$libinit$$00000011) for .ARM.Collect$$libinit$$00000011
    libinit2.o(.ARM.Collect$$libinit$$00000028) refers to argv_veneer.o(.emb_text) for __ARM_argv_veneer
    libinit2.o(.ARM.Collect$$libinit$$00000029) refers to argv_veneer.o(.emb_text) for __ARM_argv_veneer
    rtexit2.o(.ARM.Collect$$rtexit$$00000003) refers to libshutdown.o(.ARM.Collect$$libshutdown$$00000000) for __rt_lib_shutdown
    rtexit2.o(.ARM.Collect$$rtexit$$00000004) refers to sys_exit.o(.text) for _sys_exit
    rtexit2.o(.ARM.exidx) refers to rtexit2.o(.ARM.Collect$$rtexit$$00000001) for .ARM.Collect$$rtexit$$00000001
    rtexit2.o(.ARM.exidx) refers to rtexit2.o(.ARM.Collect$$rtexit$$00000003) for .ARM.Collect$$rtexit$$00000003
    rtexit2.o(.ARM.exidx) refers to rtexit2.o(.ARM.Collect$$rtexit$$00000004) for .ARM.Collect$$rtexit$$00000004
    argv_veneer.o(.emb_text) refers to no_argv.o(.text) for __ARM_get_argv
    sys_exit.o(.text) refers (Special) to use_no_semi.o(.text) for __I$use$semihosting
    sys_exit.o(.text) refers (Special) to indicate_semi.o(.text) for __semihosting_library_function
    sys_exit_hlt.o(.text) refers (Special) to use_no_semi.o(.text) for __I$use$semihosting
    sys_exit_hlt.o(.text) refers (Special) to indicate_semi.o(.text) for __semihosting_library_function
    _get_argv_nomalloc.o(.text) refers (Special) to hrguard.o(.text) for __heap_region$guard
    _get_argv_nomalloc.o(.text) refers to defsig_rtmem_outer.o(.text) for __rt_SIGRTMEM
    _get_argv_nomalloc.o(.text) refers to sys_command.o(.text) for _sys_command_string
    libshutdown.o(.ARM.Collect$$libshutdown$$00000000) refers (Special) to libshutdown2.o(.ARM.Collect$$libshutdown$$00000002) for __rt_lib_shutdown_cpp_1
    libshutdown.o(.ARM.Collect$$libshutdown$$00000000) refers (Special) to libshutdown2.o(.ARM.Collect$$libshutdown$$00000007) for __rt_lib_shutdown_fp_trap_1
    libshutdown.o(.ARM.Collect$$libshutdown$$00000000) refers (Special) to libshutdown2.o(.ARM.Collect$$libshutdown$$0000000F) for __rt_lib_shutdown_heap_1
    libshutdown.o(.ARM.Collect$$libshutdown$$00000000) refers (Special) to libshutdown2.o(.ARM.Collect$$libshutdown$$00000010) for __rt_lib_shutdown_return
    libshutdown.o(.ARM.Collect$$libshutdown$$00000000) refers (Special) to libshutdown2.o(.ARM.Collect$$libshutdown$$0000000A) for __rt_lib_shutdown_signal_1
    libshutdown.o(.ARM.Collect$$libshutdown$$00000000) refers (Special) to libshutdown2.o(.ARM.Collect$$libshutdown$$00000004) for __rt_lib_shutdown_stdio_1
    libshutdown.o(.ARM.Collect$$libshutdown$$00000000) refers (Special) to libshutdown2.o(.ARM.Collect$$libshutdown$$0000000C) for __rt_lib_shutdown_user_alloc_1
    sys_command.o(.text) refers (Special) to use_no_semi.o(.text) for __I$use$semihosting
    sys_command.o(.text) refers (Special) to indicate_semi.o(.text) for __semihosting_library_function
    sys_command_hlt.o(.text) refers (Special) to use_no_semi.o(.text) for __I$use$semihosting
    sys_command_hlt.o(.text) refers (Special) to indicate_semi.o(.text) for __semihosting_library_function
    defsig_rtmem_outer.o(.text) refers to defsig_rtmem_inner.o(.text) for __rt_SIGRTMEM_inner
    defsig_rtmem_outer.o(.text) refers to defsig_exit.o(.text) for __sig_exit
    defsig_rtmem_formal.o(.text) refers to rt_raise.o(.text) for __rt_raise
    rt_raise.o(.text) refers to __raise.o(.text) for __raise
    rt_raise.o(.text) refers to sys_exit.o(.text) for _sys_exit
    defsig_exit.o(.text) refers to sys_exit.o(.text) for _sys_exit
    defsig_rtmem_inner.o(.text) refers to defsig_general.o(.text) for __default_signal_display
    __raise.o(.text) refers to defsig.o(CL$$defsig) for __default_signal_handler
    defsig_general.o(.text) refers to sys_wrch.o(.text) for _ttywrch
    sys_wrch.o(.text) refers (Special) to use_no_semi.o(.text) for __I$use$semihosting
    sys_wrch.o(.text) refers (Special) to indicate_semi.o(.text) for __semihosting_library_function
    sys_wrch_hlt.o(.text) refers (Special) to use_no_semi.o(.text) for __I$use$semihosting
    sys_wrch_hlt.o(.text) refers (Special) to indicate_semi.o(.text) for __semihosting_library_function
    defsig.o(CL$$defsig) refers to defsig_rtmem_inner.o(.text) for __rt_SIGRTMEM_inner
    defsig_abrt_inner.o(.text) refers to defsig_general.o(.text) for __default_signal_display
    defsig_fpe_inner.o(.text) refers to defsig_general.o(.text) for __default_signal_display
    defsig_rtred_inner.o(.text) refers to defsig_general.o(.text) for __default_signal_display
    defsig_stak_inner.o(.text) refers to defsig_general.o(.text) for __default_signal_display
    defsig_pvfn_inner.o(.text) refers to defsig_general.o(.text) for __default_signal_display
    defsig_cppl_inner.o(.text) refers to defsig_general.o(.text) for __default_signal_display
    defsig_segv_inner.o(.text) refers to defsig_general.o(.text) for __default_signal_display
    defsig_other.o(.text) refers to defsig_general.o(.text) for __default_signal_display


==============================================================================

Removing Unused input sections from the image.

    Removing bluetooth.o(.text), (0 bytes).
    Removing bluetooth.o(.ARM.exidx.text.Bluetooth_init), (8 bytes).
    Removing bluetooth.o(.ARM.exidx.text.Bluetooth_Read), (8 bytes).
    Removing bluetooth.o(.ARM.exidx.text.Bluetooth_Write), (8 bytes).
    Removing bluetooth.o(.ARM.exidx.text.Bluetooth_Write_String), (8 bytes).
    Removing bluetooth.o(.ARM.exidx.text.Delay), (8 bytes).
    Removing bluetooth.o(.ARM.exidx.text.Bluetooth_Control), (8 bytes).
    Removing gpio.o(.text), (0 bytes).
    Removing gpio.o(.ARM.exidx.text.GPIO_Init), (8 bytes).
    Removing gpio.o(.ARM.exidx.text.GPIO_SetPinDirection), (8 bytes).
    Removing gpio.o(.ARM.exidx.text.GPIO_SetPinState), (8 bytes).
    Removing gpio.o(.text.GPIO_GetPinState), (270 bytes).
    Removing gpio.o(.ARM.exidx.text.GPIO_GetPinState), (8 bytes).
    Removing gpio.o(.text.GPIO_SetPortDirection), (866 bytes).
    Removing gpio.o(.ARM.exidx.text.GPIO_SetPortDirection), (8 bytes).
    Removing gpio.o(.text.GPIO_SetPortState), (178 bytes).
    Removing gpio.o(.ARM.exidx.text.GPIO_SetPortState), (8 bytes).
    Removing gpio.o(.text.GPIO_readPort), (140 bytes).
    Removing gpio.o(.ARM.exidx.text.GPIO_readPort), (8 bytes).
    Removing main.o(.text), (0 bytes).
    Removing main.o(.ARM.exidx.text.main), (8 bytes).
    Removing main.o(.ARM.use_no_argv), (4 bytes).
    Removing motor.o(.text), (0 bytes).
    Removing motor.o(.ARM.exidx.text.Motor_Init), (8 bytes).
    Removing motor.o(.text.Motor_Start), (26 bytes).
    Removing motor.o(.ARM.exidx.text.Motor_Start), (8 bytes).
    Removing motor.o(.ARM.exidx.text.Motor_Stop), (8 bytes).
    Removing motor.o(.ARM.exidx.text.Motor_GoForward), (8 bytes).
    Removing motor.o(.ARM.exidx.text.Motor_Backward), (8 bytes).
    Removing motor.o(.ARM.exidx.text.Motor_LEFT), (8 bytes).
    Removing motor.o(.ARM.exidx.text.Motor_Right), (8 bytes).
    Removing motor.o(.text.Motor_SetSpeed), (420 bytes).
    Removing motor.o(.ARM.exidx.text.Motor_SetSpeed), (8 bytes).
    Removing pwm.o(.text), (0 bytes).
    Removing pwm.o(.ARM.exidx.text.PWMClockSet), (8 bytes).
    Removing pwm.o(.ARM.exidx.text.PWMDiv), (8 bytes).
    Removing pwm.o(.ARM.exidx.text.PWMPinConfigure), (8 bytes).
    Removing pwm.o(.ARM.exidx.text.PWMGenDisable), (8 bytes).
    Removing pwm.o(.ARM.exidx.text.PWMGenConfigure), (8 bytes).
    Removing pwm.o(.ARM.exidx.text.PWMGenPeriodSet), (8 bytes).
    Removing pwm.o(.ARM.exidx.text.PWMDutyCycleSet), (8 bytes).
    Removing pwm.o(.ARM.exidx.text.PWMGenEnable), (8 bytes).
    Removing pwm.o(.ARM.exidx.text.PWM_Init), (8 bytes).
    Removing rgb_leds.o(.text), (0 bytes).
    Removing rgb_leds.o(.text.RGB_LEDS_Init), (72 bytes).
    Removing rgb_leds.o(.ARM.exidx.text.RGB_LEDS_Init), (8 bytes).
    Removing rgb_leds.o(.text.RGB_LEDS_State), (126 bytes).
    Removing rgb_leds.o(.ARM.exidx.text.RGB_LEDS_State), (8 bytes).
    Removing uart.o(.text), (0 bytes).
    Removing uart.o(.ARM.exidx.text.UART_INIT), (8 bytes).
    Removing uart.o(.ARM.exidx.text.UART_TX), (8 bytes).
    Removing uart.o(.ARM.exidx.text.UART_RX), (8 bytes).
    Removing uart.o(.text.UARTIntEnable), (586 bytes).
    Removing uart.o(.ARM.exidx.text.UARTIntEnable), (8 bytes).
    Removing uart.o(.text.UARTIntDisable), (412 bytes).
    Removing uart.o(.ARM.exidx.text.UARTIntDisable), (8 bytes).
    Removing uart.o(.ARM.exidx.text.UART0_Handler), (8 bytes).
    Removing uart.o(.ARM.exidx.text.UART1_Handler), (8 bytes).
    Removing uart.o(.ARM.exidx.text.UART2_Handler), (8 bytes).
    Removing uart.o(.ARM.exidx.text.UART3_Handler), (8 bytes).
    Removing uart.o(.ARM.exidx.text.UART4_Handler), (8 bytes).
    Removing uart.o(.ARM.exidx.text.UART5_Handler), (8 bytes).
    Removing uart.o(.ARM.exidx.text.UART6_Handler), (8 bytes).
    Removing uart.o(.ARM.exidx.text.UART7_Handler), (8 bytes).
    Removing system_tm4c123.o(.text), (0 bytes).
    Removing system_tm4c123.o(.text.SystemCoreClockUpdate), (326 bytes).
    Removing system_tm4c123.o(.ARM.exidx.text.SystemCoreClockUpdate), (8 bytes).
    Removing system_tm4c123.o(.text.getOscClk), (360 bytes).
    Removing system_tm4c123.o(.ARM.exidx.text.getOscClk), (8 bytes).
    Removing system_tm4c123.o(.ARM.exidx.text.SystemInit), (8 bytes).
    Removing system_tm4c123.o(.data.SystemCoreClock), (4 bytes).

71 unused section(s) (total 4182 bytes) removed from the image.

==============================================================================

Image Symbol Table

    Local Symbols

    Symbol Name                              Value     Ov Type        Size  Object(Section)

    ../clib/angel/boardlib.s                 0x00000000   Number         0  boardinit1.o ABSOLUTE
    ../clib/angel/boardlib.s                 0x00000000   Number         0  boardinit2.o ABSOLUTE
    ../clib/angel/boardlib.s                 0x00000000   Number         0  boardinit3.o ABSOLUTE
    ../clib/angel/boardlib.s                 0x00000000   Number         0  boardshut.o ABSOLUTE
    ../clib/angel/handlers.s                 0x00000000   Number         0  __scatter_copy.o ABSOLUTE
    ../clib/angel/handlers.s                 0x00000000   Number         0  __scatter_zi.o ABSOLUTE
    ../clib/angel/kernel.s                   0x00000000   Number         0  __rtentry.o ABSOLUTE
    ../clib/angel/kernel.s                   0x00000000   Number         0  __rtentry2.o ABSOLUTE
    ../clib/angel/kernel.s                   0x00000000   Number         0  __rtentry4.o ABSOLUTE
    ../clib/angel/kernel.s                   0x00000000   Number         0  rtexit.o ABSOLUTE
    ../clib/angel/kernel.s                   0x00000000   Number         0  rtexit2.o ABSOLUTE
    ../clib/angel/rt.s                       0x00000000   Number         0  rt_raise.o ABSOLUTE
    ../clib/angel/scatter.s                  0x00000000   Number         0  __scatter.o ABSOLUTE
    ../clib/angel/startup.s                  0x00000000   Number         0  __main.o ABSOLUTE
    ../clib/angel/sys.s                      0x00000000   Number         0  sys_stackheap_outer.o ABSOLUTE
    ../clib/angel/sys.s                      0x00000000   Number         0  libspace.o ABSOLUTE
    ../clib/angel/sys.s                      0x00000000   Number         0  use_no_semi.o ABSOLUTE
    ../clib/angel/sys.s                      0x00000000   Number         0  indicate_semi.o ABSOLUTE
    ../clib/angel/sysapp.c                   0x00000000   Number         0  sys_exit.o ABSOLUTE
    ../clib/angel/sysapp.c                   0x00000000   Number         0  sys_exit_hlt.o ABSOLUTE
    ../clib/angel/sysapp.c                   0x00000000   Number         0  sys_command.o ABSOLUTE
    ../clib/angel/sysapp.c                   0x00000000   Number         0  sys_command_hlt.o ABSOLUTE
    ../clib/angel/sysapp.c                   0x00000000   Number         0  sys_wrch.o ABSOLUTE
    ../clib/angel/sysapp.c                   0x00000000   Number         0  sys_wrch_hlt.o ABSOLUTE
    ../clib/armsys.c                         0x00000000   Number         0  argv_veneer.o ABSOLUTE
    ../clib/armsys.c                         0x00000000   Number         0  argv_veneer.o ABSOLUTE
    ../clib/armsys.c                         0x00000000   Number         0  _get_argv_nomalloc.o ABSOLUTE
    ../clib/armsys.c                         0x00000000   Number         0  no_argv.o ABSOLUTE
    ../clib/heapalloc.c                      0x00000000   Number         0  hrguard.o ABSOLUTE
    ../clib/heapaux.c                        0x00000000   Number         0  heapauxi.o ABSOLUTE
    ../clib/libinit.s                        0x00000000   Number         0  libinit.o ABSOLUTE
    ../clib/libinit.s                        0x00000000   Number         0  libinit2.o ABSOLUTE
    ../clib/libinit.s                        0x00000000   Number         0  libshutdown.o ABSOLUTE
    ../clib/libinit.s                        0x00000000   Number         0  libshutdown2.o ABSOLUTE
    ../clib/signal.c                         0x00000000   Number         0  defsig_rtmem_outer.o ABSOLUTE
    ../clib/signal.c                         0x00000000   Number         0  defsig_rtmem_formal.o ABSOLUTE
    ../clib/signal.c                         0x00000000   Number         0  defsig_exit.o ABSOLUTE
    ../clib/signal.c                         0x00000000   Number         0  defsig_rtmem_inner.o ABSOLUTE
    ../clib/signal.c                         0x00000000   Number         0  __raise.o ABSOLUTE
    ../clib/signal.c                         0x00000000   Number         0  defsig_general.o ABSOLUTE
    ../clib/signal.c                         0x00000000   Number         0  defsig_abrt_inner.o ABSOLUTE
    ../clib/signal.c                         0x00000000   Number         0  defsig_fpe_inner.o ABSOLUTE
    ../clib/signal.c                         0x00000000   Number         0  defsig_rtred_inner.o ABSOLUTE
    ../clib/signal.c                         0x00000000   Number         0  defsig_stak_inner.o ABSOLUTE
    ../clib/signal.c                         0x00000000   Number         0  defsig_pvfn_inner.o ABSOLUTE
    ../clib/signal.c                         0x00000000   Number         0  defsig_cppl_inner.o ABSOLUTE
    ../clib/signal.c                         0x00000000   Number         0  defsig_segv_inner.o ABSOLUTE
    ../clib/signal.c                         0x00000000   Number         0  defsig_other.o ABSOLUTE
    ../clib/signal.s                         0x00000000   Number         0  defsig.o ABSOLUTE
    ../clib/stdlib.c                         0x00000000   Number         0  exit.o ABSOLUTE
    ../fplib/daddsub.s                       0x00000000   Number         0  daddsub_clz.o ABSOLUTE
    ../fplib/dfixu.s                         0x00000000   Number         0  dfixu.o ABSOLUTE
    ../fplib/dflt.s                          0x00000000   Number         0  dflt_clz.o ABSOLUTE
    ../fplib/dmul.s                          0x00000000   Number         0  dmul.o ABSOLUTE
    ../fplib/dnaninf.s                       0x00000000   Number         0  dnaninf.o ABSOLUTE
    ../fplib/dretinf.s                       0x00000000   Number         0  dretinf.o ABSOLUTE
    ../fplib/fpinit.s                        0x00000000   Number         0  fpinit.o ABSOLUTE
    ../fplib/usenofp.s                       0x00000000   Number         0  usenofp.o ABSOLUTE
    Bluetooth.c                              0x00000000   Number         0  bluetooth.o ABSOLUTE
    GPIO.c                                   0x00000000   Number         0  gpio.o ABSOLUTE
    Motor.c                                  0x00000000   Number         0  motor.o ABSOLUTE
    PWM.c                                    0x00000000   Number         0  pwm.o ABSOLUTE
    RGB_LEDS.c                               0x00000000   Number         0  rgb_leds.o ABSOLUTE
    RTE/Device/TM4C123GH6PM/startup_TM4C123.s 0x00000000   Number         0  startup_tm4c123.o ABSOLUTE
    UART.c                                   0x00000000   Number         0  uart.o ABSOLUTE
    dc.s                                     0x00000000   Number         0  dc.o ABSOLUTE
    main.c                                   0x00000000   Number         0  main.o ABSOLUTE
    system_TM4C123.c                         0x00000000   Number         0  system_tm4c123.o ABSOLUTE
    RESET                                    0x00000000   Section      620  startup_tm4c123.o(RESET)
    !!!main                                  0x0000026c   Section        8  __main.o(!!!main)
    !!!scatter                               0x00000274   Section       52  __scatter.o(!!!scatter)
    !!handler_copy                           0x000002a8   Section       26  __scatter_copy.o(!!handler_copy)
    !!handler_zi                             0x000002c4   Section       28  __scatter_zi.o(!!handler_zi)
    .ARM.Collect$$libinit$$00000000          0x000002e0   Section        2  libinit.o(.ARM.Collect$$libinit$$00000000)
    .ARM.Collect$$libinit$$00000001          0x000002e2   Section        4  libinit2.o(.ARM.Collect$$libinit$$00000001)
    .ARM.Collect$$libinit$$00000004          0x000002e6   Section        0  libinit2.o(.ARM.Collect$$libinit$$00000004)
    .ARM.Collect$$libinit$$00000006          0x000002e6   Section        0  libinit2.o(.ARM.Collect$$libinit$$00000006)
    .ARM.Collect$$libinit$$0000000C          0x000002e6   Section        0  libinit2.o(.ARM.Collect$$libinit$$0000000C)
    .ARM.Collect$$libinit$$0000000E          0x000002e6   Section        0  libinit2.o(.ARM.Collect$$libinit$$0000000E)
    .ARM.Collect$$libinit$$00000010          0x000002e6   Section        0  libinit2.o(.ARM.Collect$$libinit$$00000010)
    .ARM.Collect$$libinit$$00000013          0x000002e6   Section        0  libinit2.o(.ARM.Collect$$libinit$$00000013)
    .ARM.Collect$$libinit$$00000015          0x000002e6   Section        0  libinit2.o(.ARM.Collect$$libinit$$00000015)
    .ARM.Collect$$libinit$$00000017          0x000002e6   Section        0  libinit2.o(.ARM.Collect$$libinit$$00000017)
    .ARM.Collect$$libinit$$00000019          0x000002e6   Section        0  libinit2.o(.ARM.Collect$$libinit$$00000019)
    .ARM.Collect$$libinit$$0000001B          0x000002e6   Section        0  libinit2.o(.ARM.Collect$$libinit$$0000001B)
    .ARM.Collect$$libinit$$0000001D          0x000002e6   Section        0  libinit2.o(.ARM.Collect$$libinit$$0000001D)
    .ARM.Collect$$libinit$$0000001F          0x000002e6   Section        0  libinit2.o(.ARM.Collect$$libinit$$0000001F)
    .ARM.Collect$$libinit$$00000021          0x000002e6   Section        0  libinit2.o(.ARM.Collect$$libinit$$00000021)
    .ARM.Collect$$libinit$$00000023          0x000002e6   Section        0  libinit2.o(.ARM.Collect$$libinit$$00000023)
    .ARM.Collect$$libinit$$00000025          0x000002e6   Section        0  libinit2.o(.ARM.Collect$$libinit$$00000025)
    .ARM.Collect$$libinit$$00000027          0x000002e6   Section        0  libinit2.o(.ARM.Collect$$libinit$$00000027)
    .ARM.Collect$$libinit$$0000002E          0x000002e6   Section        0  libinit2.o(.ARM.Collect$$libinit$$0000002E)
    .ARM.Collect$$libinit$$00000030          0x000002e6   Section        0  libinit2.o(.ARM.Collect$$libinit$$00000030)
    .ARM.Collect$$libinit$$00000032          0x000002e6   Section        0  libinit2.o(.ARM.Collect$$libinit$$00000032)
    .ARM.Collect$$libinit$$00000034          0x000002e6   Section        0  libinit2.o(.ARM.Collect$$libinit$$00000034)
    .ARM.Collect$$libinit$$00000035          0x000002e6   Section        2  libinit2.o(.ARM.Collect$$libinit$$00000035)
    .ARM.Collect$$libshutdown$$00000000      0x000002e8   Section        2  libshutdown.o(.ARM.Collect$$libshutdown$$00000000)
    .ARM.Collect$$libshutdown$$00000002      0x000002ea   Section        0  libshutdown2.o(.ARM.Collect$$libshutdown$$00000002)
    .ARM.Collect$$libshutdown$$00000004      0x000002ea   Section        0  libshutdown2.o(.ARM.Collect$$libshutdown$$00000004)
    .ARM.Collect$$libshutdown$$00000007      0x000002ea   Section        0  libshutdown2.o(.ARM.Collect$$libshutdown$$00000007)
    .ARM.Collect$$libshutdown$$0000000A      0x000002ea   Section        0  libshutdown2.o(.ARM.Collect$$libshutdown$$0000000A)
    .ARM.Collect$$libshutdown$$0000000C      0x000002ea   Section        0  libshutdown2.o(.ARM.Collect$$libshutdown$$0000000C)
    .ARM.Collect$$libshutdown$$0000000F      0x000002ea   Section        0  libshutdown2.o(.ARM.Collect$$libshutdown$$0000000F)
    .ARM.Collect$$libshutdown$$00000010      0x000002ea   Section        2  libshutdown2.o(.ARM.Collect$$libshutdown$$00000010)
    .ARM.Collect$$rtentry$$00000000          0x000002ec   Section        0  __rtentry.o(.ARM.Collect$$rtentry$$00000000)
    .ARM.Collect$$rtentry$$00000002          0x000002ec   Section        0  __rtentry2.o(.ARM.Collect$$rtentry$$00000002)
    .ARM.Collect$$rtentry$$00000004          0x000002ec   Section        6  __rtentry4.o(.ARM.Collect$$rtentry$$00000004)
    .ARM.Collect$$rtentry$$00000009          0x000002f2   Section        0  __rtentry2.o(.ARM.Collect$$rtentry$$00000009)
    .ARM.Collect$$rtentry$$0000000A          0x000002f2   Section        4  __rtentry2.o(.ARM.Collect$$rtentry$$0000000A)
    .ARM.Collect$$rtentry$$0000000C          0x000002f6   Section        0  __rtentry2.o(.ARM.Collect$$rtentry$$0000000C)
    .ARM.Collect$$rtentry$$0000000D          0x000002f6   Section        8  __rtentry2.o(.ARM.Collect$$rtentry$$0000000D)
    .ARM.Collect$$rtexit$$00000000           0x000002fe   Section        2  rtexit.o(.ARM.Collect$$rtexit$$00000000)
    .ARM.Collect$$rtexit$$00000002           0x00000300   Section        0  rtexit2.o(.ARM.Collect$$rtexit$$00000002)
    .ARM.Collect$$rtexit$$00000003           0x00000300   Section        4  rtexit2.o(.ARM.Collect$$rtexit$$00000003)
    .ARM.Collect$$rtexit$$00000004           0x00000304   Section        6  rtexit2.o(.ARM.Collect$$rtexit$$00000004)
    $v0                                      0x0000030c   Number         0  startup_tm4c123.o(.text)
    .text                                    0x0000030c   Section      276  startup_tm4c123.o(.text)
    .text                                    0x00000420   Section        0  heapauxi.o(.text)
    .text                                    0x00000426   Section       74  sys_stackheap_outer.o(.text)
    .text                                    0x00000470   Section        0  exit.o(.text)
    .text                                    0x00000484   Section        8  libspace.o(.text)
    .text                                    0x0000048c   Section        0  sys_exit.o(.text)
    .text                                    0x00000498   Section        2  use_no_semi.o(.text)
    .text                                    0x0000049a   Section        0  indicate_semi.o(.text)
    [Anonymous Symbol]                       0x0000049c   Section        0  bluetooth.o(.text.Bluetooth_Control)
    [Anonymous Symbol]                       0x0000052c   Section        0  bluetooth.o(.text.Bluetooth_Read)
    [Anonymous Symbol]                       0x00000544   Section        0  bluetooth.o(.text.Bluetooth_Write)
    [Anonymous Symbol]                       0x0000055c   Section        0  bluetooth.o(.text.Bluetooth_Write_String)
    [Anonymous Symbol]                       0x00000580   Section        0  bluetooth.o(.text.Bluetooth_init)
    [Anonymous Symbol]                       0x0000058c   Section        0  bluetooth.o(.text.Delay)
    [Anonymous Symbol]                       0x000005b0   Section        0  gpio.o(.text.GPIO_Init)
    [Anonymous Symbol]                       0x00000820   Section        0  gpio.o(.text.GPIO_SetPinDirection)
    [Anonymous Symbol]                       0x00000da4   Section        0  gpio.o(.text.GPIO_SetPinState)
    [Anonymous Symbol]                       0x00000fc4   Section        0  motor.o(.text.Motor_Backward)
    [Anonymous Symbol]                       0x00000ff8   Section        0  motor.o(.text.Motor_GoForward)
    [Anonymous Symbol]                       0x0000102c   Section        0  motor.o(.text.Motor_Init)
    [Anonymous Symbol]                       0x000010fc   Section        0  motor.o(.text.Motor_LEFT)
    [Anonymous Symbol]                       0x00001130   Section        0  motor.o(.text.Motor_Right)
    [Anonymous Symbol]                       0x00001164   Section        0  motor.o(.text.Motor_Stop)
    [Anonymous Symbol]                       0x00001180   Section        0  pwm.o(.text.PWMClockSet)
    [Anonymous Symbol]                       0x00001338   Section        0  pwm.o(.text.PWMDiv)
    [Anonymous Symbol]                       0x00001360   Section        0  pwm.o(.text.PWMDutyCycleSet)
    [Anonymous Symbol]                       0x000023d8   Section        0  pwm.o(.text.PWMGenConfigure)
    [Anonymous Symbol]                       0x000029d0   Section        0  pwm.o(.text.PWMGenDisable)
    [Anonymous Symbol]                       0x00002b34   Section        0  pwm.o(.text.PWMGenEnable)
    [Anonymous Symbol]                       0x00002d5c   Section        0  pwm.o(.text.PWMGenPeriodSet)
    [Anonymous Symbol]                       0x00002f68   Section        0  pwm.o(.text.PWMPinConfigure)
    [Anonymous Symbol]                       0x00003828   Section        0  pwm.o(.text.PWM_Init)
    [Anonymous Symbol]                       0x000038b4   Section        0  system_tm4c123.o(.text.SystemInit)
    [Anonymous Symbol]                       0x000038c8   Section        0  uart.o(.text.UART0_Handler)
    [Anonymous Symbol]                       0x0000392c   Section        0  uart.o(.text.UART1_Handler)
    [Anonymous Symbol]                       0x00003990   Section        0  uart.o(.text.UART2_Handler)
    [Anonymous Symbol]                       0x000039f4   Section        0  uart.o(.text.UART3_Handler)
    [Anonymous Symbol]                       0x00003a58   Section        0  uart.o(.text.UART4_Handler)
    [Anonymous Symbol]                       0x00003ab0   Section        0  uart.o(.text.UART5_Handler)
    [Anonymous Symbol]                       0x00003b14   Section        0  uart.o(.text.UART6_Handler)
    [Anonymous Symbol]                       0x00003b78   Section        0  uart.o(.text.UART7_Handler)
    [Anonymous Symbol]                       0x00003bdc   Section        0  uart.o(.text.UART_INIT)
    [Anonymous Symbol]                       0x000043d4   Section        0  uart.o(.text.UART_RX)
    [Anonymous Symbol]                       0x00004528   Section        0  uart.o(.text.UART_TX)
    [Anonymous Symbol]                       0x00004680   Section        0  main.o(.text.main)
    $v0                                      0x000046ac   Number         0  daddsub_clz.o(x$fpl$dadd)
    x$fpl$dadd                               0x000046ac   Section      336  daddsub_clz.o(x$fpl$dadd)
    _dadd1                                   0x000046bd   Thumb Code     0  daddsub_clz.o(x$fpl$dadd)
    $v0                                      0x000047fc   Number         0  dfixu.o(x$fpl$dfixu)
    x$fpl$dfixu                              0x000047fc   Section       90  dfixu.o(x$fpl$dfixu)
    $v0                                      0x00004856   Number         0  dflt_clz.o(x$fpl$dfltu)
    x$fpl$dfltu                              0x00004856   Section       38  dflt_clz.o(x$fpl$dfltu)
    $v0                                      0x0000487c   Number         0  dmul.o(x$fpl$dmul)
    x$fpl$dmul                               0x0000487c   Section      340  dmul.o(x$fpl$dmul)
    $v0                                      0x000049d0   Number         0  dnaninf.o(x$fpl$dnaninf)
    x$fpl$dnaninf                            0x000049d0   Section      156  dnaninf.o(x$fpl$dnaninf)
    $v0                                      0x00004a6c   Number         0  dretinf.o(x$fpl$dretinf)
    x$fpl$dretinf                            0x00004a6c   Section       12  dretinf.o(x$fpl$dretinf)
    $v0                                      0x00004a78   Number         0  daddsub_clz.o(x$fpl$dsub)
    x$fpl$dsub                               0x00004a78   Section      476  daddsub_clz.o(x$fpl$dsub)
    _dsub1                                   0x00004a89   Thumb Code     0  daddsub_clz.o(x$fpl$dsub)
    $v0                                      0x00004c54   Number         0  fpinit.o(x$fpl$fpinit)
    x$fpl$fpinit                             0x00004c54   Section       26  fpinit.o(x$fpl$fpinit)
    .L.str.2                                 0x00004c6e   Data           5  bluetooth.o(.rodata.str1.1)
    [Anonymous Symbol]                       0x00004c6e   Section        0  bluetooth.o(.rodata.str1.1)
    x$fpl$usenofp                            0x00004c6e   Section        0  usenofp.o(x$fpl$usenofp)
    .L.str.1                                 0x00004c73   Data           9  bluetooth.o(.rodata.str1.1)
    .L.str                                   0x00004c7c   Data           8  bluetooth.o(.rodata.str1.1)
    .L.str.4                                 0x00004c84   Data           5  bluetooth.o(.rodata.str1.1)
    .L.str.3                                 0x00004c89   Data           6  bluetooth.o(.rodata.str1.1)
    .bss                                     0x20000008   Section       96  libspace.o(.bss)
    Heap_Mem                                 0x20000070   Data           0  startup_tm4c123.o(HEAP)
    Stack_Mem                                0x20000070   Data         512  startup_tm4c123.o(STACK)
    HEAP                                     0x20000070   Section        0  startup_tm4c123.o(HEAP)
    STACK                                    0x20000070   Section      512  startup_tm4c123.o(STACK)
    __initial_sp                             0x20000270   Data           0  startup_tm4c123.o(STACK)

    Global Symbols

    Symbol Name                              Value     Ov Type        Size  Object(Section)

    BuildAttributes$$THM_ISAv4$E$P$D$K$B$S$7EM$VFPi3$EXTD16$VFPS$VFMA$PE$A:L22UL41UL21$X:L11$S22US41US21$IEEE1$IW$~IW$USESV6$~STKCKD$USESV7$~SHL$OSPACE$ROPI$EBA8$UX$STANDARDLIB$REQ8$PRES8$EABIv2 0x00000000   Number         0  anon$$obj.o ABSOLUTE
    __Vectors                                0x00000000   Data           4  startup_tm4c123.o(RESET)
    __ARM_exceptions_init                     - Undefined Weak Reference
    __alloca_initialize                       - Undefined Weak Reference
    __arm_preinit_                            - Undefined Weak Reference
    __arm_relocate_pie_                       - Undefined Weak Reference
    __cpp_initialize__aeabi_                  - Undefined Weak Reference
    __cxa_finalize                            - Undefined Weak Reference
    __rt_locale                               - Undefined Weak Reference
    __sigvec_lookup                           - Undefined Weak Reference
    _atexit_init                              - Undefined Weak Reference
    _call_atexit_fns                          - Undefined Weak Reference
    _clock_init                               - Undefined Weak Reference
    _fp_trap_init                             - Undefined Weak Reference
    _fp_trap_shutdown                         - Undefined Weak Reference
    _get_lc_collate                           - Undefined Weak Reference
    _get_lc_ctype                             - Undefined Weak Reference
    _get_lc_monetary                          - Undefined Weak Reference
    _get_lc_numeric                           - Undefined Weak Reference
    _get_lc_time                              - Undefined Weak Reference
    _getenv_init                              - Undefined Weak Reference
    _handle_redirection                       - Undefined Weak Reference
    _init_alloc                               - Undefined Weak Reference
    _init_user_alloc                          - Undefined Weak Reference
    _initio                                   - Undefined Weak Reference
    _rand_init                                - Undefined Weak Reference
    _signal_finish                            - Undefined Weak Reference
    _signal_init                              - Undefined Weak Reference
    _terminate_alloc                          - Undefined Weak Reference
    _terminate_user_alloc                     - Undefined Weak Reference
    _terminateio                              - Undefined Weak Reference
    __Vectors_End                            0x0000026c   Data           0  startup_tm4c123.o(RESET)
    __Vectors_Size                           0x0000026c   Number         0  startup_tm4c123.o ABSOLUTE
    __main                                   0x0000026d   Thumb Code     8  __main.o(!!!main)
    __scatterload                            0x00000275   Thumb Code     0  __scatter.o(!!!scatter)
    __scatterload_rt2                        0x00000275   Thumb Code    44  __scatter.o(!!!scatter)
    __scatterload_rt2_thumb_only             0x00000275   Thumb Code     0  __scatter.o(!!!scatter)
    __scatterload_null                       0x00000283   Thumb Code     0  __scatter.o(!!!scatter)
    __scatterload_copy                       0x000002a9   Thumb Code    26  __scatter_copy.o(!!handler_copy)
    __scatterload_zeroinit                   0x000002c5   Thumb Code    28  __scatter_zi.o(!!handler_zi)
    __rt_lib_init                            0x000002e1   Thumb Code     0  libinit.o(.ARM.Collect$$libinit$$00000000)
    __rt_lib_init_fp_1                       0x000002e3   Thumb Code     0  libinit2.o(.ARM.Collect$$libinit$$00000001)
    __rt_lib_init_alloca_1                   0x000002e7   Thumb Code     0  libinit2.o(.ARM.Collect$$libinit$$00000030)
    __rt_lib_init_argv_1                     0x000002e7   Thumb Code     0  libinit2.o(.ARM.Collect$$libinit$$0000002E)
    __rt_lib_init_atexit_1                   0x000002e7   Thumb Code     0  libinit2.o(.ARM.Collect$$libinit$$0000001D)
    __rt_lib_init_clock_1                    0x000002e7   Thumb Code     0  libinit2.o(.ARM.Collect$$libinit$$00000023)
    __rt_lib_init_cpp_1                      0x000002e7   Thumb Code     0  libinit2.o(.ARM.Collect$$libinit$$00000034)
    __rt_lib_init_exceptions_1               0x000002e7   Thumb Code     0  libinit2.o(.ARM.Collect$$libinit$$00000032)
    __rt_lib_init_fp_trap_1                  0x000002e7   Thumb Code     0  libinit2.o(.ARM.Collect$$libinit$$00000021)
    __rt_lib_init_getenv_1                   0x000002e7   Thumb Code     0  libinit2.o(.ARM.Collect$$libinit$$00000025)
    __rt_lib_init_heap_1                     0x000002e7   Thumb Code     0  libinit2.o(.ARM.Collect$$libinit$$0000000C)
    __rt_lib_init_lc_collate_1               0x000002e7   Thumb Code     0  libinit2.o(.ARM.Collect$$libinit$$00000013)
    __rt_lib_init_lc_ctype_1                 0x000002e7   Thumb Code     0  libinit2.o(.ARM.Collect$$libinit$$00000015)
    __rt_lib_init_lc_monetary_1              0x000002e7   Thumb Code     0  libinit2.o(.ARM.Collect$$libinit$$00000017)
    __rt_lib_init_lc_numeric_1               0x000002e7   Thumb Code     0  libinit2.o(.ARM.Collect$$libinit$$00000019)
    __rt_lib_init_lc_time_1                  0x000002e7   Thumb Code     0  libinit2.o(.ARM.Collect$$libinit$$0000001B)
    __rt_lib_init_preinit_1                  0x000002e7   Thumb Code     0  libinit2.o(.ARM.Collect$$libinit$$00000006)
    __rt_lib_init_rand_1                     0x000002e7   Thumb Code     0  libinit2.o(.ARM.Collect$$libinit$$00000010)
    __rt_lib_init_relocate_pie_1             0x000002e7   Thumb Code     0  libinit2.o(.ARM.Collect$$libinit$$00000004)
    __rt_lib_init_return                     0x000002e7   Thumb Code     0  libinit2.o(.ARM.Collect$$libinit$$00000035)
    __rt_lib_init_signal_1                   0x000002e7   Thumb Code     0  libinit2.o(.ARM.Collect$$libinit$$0000001F)
    __rt_lib_init_stdio_1                    0x000002e7   Thumb Code     0  libinit2.o(.ARM.Collect$$libinit$$00000027)
    __rt_lib_init_user_alloc_1               0x000002e7   Thumb Code     0  libinit2.o(.ARM.Collect$$libinit$$0000000E)
    __rt_lib_shutdown                        0x000002e9   Thumb Code     0  libshutdown.o(.ARM.Collect$$libshutdown$$00000000)
    __rt_lib_shutdown_cpp_1                  0x000002eb   Thumb Code     0  libshutdown2.o(.ARM.Collect$$libshutdown$$00000002)
    __rt_lib_shutdown_fp_trap_1              0x000002eb   Thumb Code     0  libshutdown2.o(.ARM.Collect$$libshutdown$$00000007)
    __rt_lib_shutdown_heap_1                 0x000002eb   Thumb Code     0  libshutdown2.o(.ARM.Collect$$libshutdown$$0000000F)
    __rt_lib_shutdown_return                 0x000002eb   Thumb Code     0  libshutdown2.o(.ARM.Collect$$libshutdown$$00000010)
    __rt_lib_shutdown_signal_1               0x000002eb   Thumb Code     0  libshutdown2.o(.ARM.Collect$$libshutdown$$0000000A)
    __rt_lib_shutdown_stdio_1                0x000002eb   Thumb Code     0  libshutdown2.o(.ARM.Collect$$libshutdown$$00000004)
    __rt_lib_shutdown_user_alloc_1           0x000002eb   Thumb Code     0  libshutdown2.o(.ARM.Collect$$libshutdown$$0000000C)
    __rt_entry                               0x000002ed   Thumb Code     0  __rtentry.o(.ARM.Collect$$rtentry$$00000000)
    __rt_entry_presh_1                       0x000002ed   Thumb Code     0  __rtentry2.o(.ARM.Collect$$rtentry$$00000002)
    __rt_entry_sh                            0x000002ed   Thumb Code     0  __rtentry4.o(.ARM.Collect$$rtentry$$00000004)
    __rt_entry_li                            0x000002f3   Thumb Code     0  __rtentry2.o(.ARM.Collect$$rtentry$$0000000A)
    __rt_entry_postsh_1                      0x000002f3   Thumb Code     0  __rtentry2.o(.ARM.Collect$$rtentry$$00000009)
    __rt_entry_main                          0x000002f7   Thumb Code     0  __rtentry2.o(.ARM.Collect$$rtentry$$0000000D)
    __rt_entry_postli_1                      0x000002f7   Thumb Code     0  __rtentry2.o(.ARM.Collect$$rtentry$$0000000C)
    __rt_exit                                0x000002ff   Thumb Code     0  rtexit.o(.ARM.Collect$$rtexit$$00000000)
    __rt_exit_ls                             0x00000301   Thumb Code     0  rtexit2.o(.ARM.Collect$$rtexit$$00000003)
    __rt_exit_prels_1                        0x00000301   Thumb Code     0  rtexit2.o(.ARM.Collect$$rtexit$$00000002)
    __rt_exit_exit                           0x00000305   Thumb Code     0  rtexit2.o(.ARM.Collect$$rtexit$$00000004)
    Reset_Handler                            0x0000030d   Thumb Code     8  startup_tm4c123.o(.text)
    NMI_Handler                              0x00000315   Thumb Code     2  startup_tm4c123.o(.text)
    HardFault_Handler                        0x00000317   Thumb Code     2  startup_tm4c123.o(.text)
    MemManage_Handler                        0x00000319   Thumb Code     2  startup_tm4c123.o(.text)
    BusFault_Handler                         0x0000031b   Thumb Code     2  startup_tm4c123.o(.text)
    UsageFault_Handler                       0x0000031d   Thumb Code     2  startup_tm4c123.o(.text)
    SVC_Handler                              0x0000031f   Thumb Code     2  startup_tm4c123.o(.text)
    DebugMon_Handler                         0x00000321   Thumb Code     2  startup_tm4c123.o(.text)
    PendSV_Handler                           0x00000323   Thumb Code     2  startup_tm4c123.o(.text)
    SysTick_Handler                          0x00000325   Thumb Code     2  startup_tm4c123.o(.text)
    GPIOA_Handler                            0x00000327   Thumb Code     2  startup_tm4c123.o(.text)
    GPIOB_Handler                            0x00000329   Thumb Code     2  startup_tm4c123.o(.text)
    GPIOC_Handler                            0x0000032b   Thumb Code     2  startup_tm4c123.o(.text)
    GPIOD_Handler                            0x0000032d   Thumb Code     2  startup_tm4c123.o(.text)
    GPIOE_Handler                            0x0000032f   Thumb Code     2  startup_tm4c123.o(.text)
    SSI0_Handler                             0x00000335   Thumb Code     2  startup_tm4c123.o(.text)
    I2C0_Handler                             0x00000337   Thumb Code     2  startup_tm4c123.o(.text)
    PMW0_FAULT_Handler                       0x00000339   Thumb Code     2  startup_tm4c123.o(.text)
    PWM0_0_Handler                           0x0000033b   Thumb Code     2  startup_tm4c123.o(.text)
    PWM0_1_Handler                           0x0000033d   Thumb Code     2  startup_tm4c123.o(.text)
    PWM0_2_Handler                           0x0000033f   Thumb Code     2  startup_tm4c123.o(.text)
    QEI0_Handler                             0x00000341   Thumb Code     2  startup_tm4c123.o(.text)
    ADC0SS0_Handler                          0x00000343   Thumb Code     2  startup_tm4c123.o(.text)
    ADC0SS1_Handler                          0x00000345   Thumb Code     2  startup_tm4c123.o(.text)
    ADC0SS2_Handler                          0x00000347   Thumb Code     2  startup_tm4c123.o(.text)
    ADC0SS3_Handler                          0x00000349   Thumb Code     2  startup_tm4c123.o(.text)
    WDT0_Handler                             0x0000034b   Thumb Code     2  startup_tm4c123.o(.text)
    TIMER0A_Handler                          0x0000034d   Thumb Code     2  startup_tm4c123.o(.text)
    TIMER0B_Handler                          0x0000034f   Thumb Code     2  startup_tm4c123.o(.text)
    TIMER1A_Handler                          0x00000351   Thumb Code     2  startup_tm4c123.o(.text)
    TIMER1B_Handler                          0x00000353   Thumb Code     2  startup_tm4c123.o(.text)
    TIMER2A_Handler                          0x00000355   Thumb Code     2  startup_tm4c123.o(.text)
    TIMER2B_Handler                          0x00000357   Thumb Code     2  startup_tm4c123.o(.text)
    COMP0_Handler                            0x00000359   Thumb Code     2  startup_tm4c123.o(.text)
    COMP1_Handler                            0x0000035b   Thumb Code     2  startup_tm4c123.o(.text)
    COMP2_Handler                            0x0000035d   Thumb Code     2  startup_tm4c123.o(.text)
    SYSCTL_Handler                           0x0000035f   Thumb Code     2  startup_tm4c123.o(.text)
    FLASH_Handler                            0x00000361   Thumb Code     2  startup_tm4c123.o(.text)
    GPIOF_Handler                            0x00000363   Thumb Code     2  startup_tm4c123.o(.text)
    GPIOG_Handler                            0x00000365   Thumb Code     2  startup_tm4c123.o(.text)
    GPIOH_Handler                            0x00000367   Thumb Code     2  startup_tm4c123.o(.text)
    SSI1_Handler                             0x0000036b   Thumb Code     2  startup_tm4c123.o(.text)
    TIMER3A_Handler                          0x0000036d   Thumb Code     2  startup_tm4c123.o(.text)
    TIMER3B_Handler                          0x0000036f   Thumb Code     2  startup_tm4c123.o(.text)
    I2C1_Handler                             0x00000371   Thumb Code     2  startup_tm4c123.o(.text)
    QEI1_Handler                             0x00000373   Thumb Code     2  startup_tm4c123.o(.text)
    CAN0_Handler                             0x00000375   Thumb Code     2  startup_tm4c123.o(.text)
    CAN1_Handler                             0x00000377   Thumb Code     2  startup_tm4c123.o(.text)
    CAN2_Handler                             0x00000379   Thumb Code     2  startup_tm4c123.o(.text)
    HIB_Handler                              0x0000037b   Thumb Code     2  startup_tm4c123.o(.text)
    USB0_Handler                             0x0000037d   Thumb Code     2  startup_tm4c123.o(.text)
    PWM0_3_Handler                           0x0000037f   Thumb Code     2  startup_tm4c123.o(.text)
    UDMA_Handler                             0x00000381   Thumb Code     2  startup_tm4c123.o(.text)
    UDMAERR_Handler                          0x00000383   Thumb Code     2  startup_tm4c123.o(.text)
    ADC1SS0_Handler                          0x00000385   Thumb Code     2  startup_tm4c123.o(.text)
    ADC1SS1_Handler                          0x00000387   Thumb Code     2  startup_tm4c123.o(.text)
    ADC1SS2_Handler                          0x00000389   Thumb Code     2  startup_tm4c123.o(.text)
    ADC1SS3_Handler                          0x0000038b   Thumb Code     2  startup_tm4c123.o(.text)
    GPIOJ_Handler                            0x0000038d   Thumb Code     2  startup_tm4c123.o(.text)
    GPIOK_Handler                            0x0000038f   Thumb Code     2  startup_tm4c123.o(.text)
    GPIOL_Handler                            0x00000391   Thumb Code     2  startup_tm4c123.o(.text)
    SSI2_Handler                             0x00000393   Thumb Code     2  startup_tm4c123.o(.text)
    SSI3_Handler                             0x00000395   Thumb Code     2  startup_tm4c123.o(.text)
    I2C2_Handler                             0x000003a1   Thumb Code     2  startup_tm4c123.o(.text)
    I2C3_Handler                             0x000003a3   Thumb Code     2  startup_tm4c123.o(.text)
    TIMER4A_Handler                          0x000003a5   Thumb Code     2  startup_tm4c123.o(.text)
    TIMER4B_Handler                          0x000003a7   Thumb Code     2  startup_tm4c123.o(.text)
    TIMER5A_Handler                          0x000003a9   Thumb Code     2  startup_tm4c123.o(.text)
    TIMER5B_Handler                          0x000003ab   Thumb Code     2  startup_tm4c123.o(.text)
    WTIMER0A_Handler                         0x000003ad   Thumb Code     2  startup_tm4c123.o(.text)
    WTIMER0B_Handler                         0x000003af   Thumb Code     2  startup_tm4c123.o(.text)
    WTIMER1A_Handler                         0x000003b1   Thumb Code     2  startup_tm4c123.o(.text)
    WTIMER1B_Handler                         0x000003b3   Thumb Code     2  startup_tm4c123.o(.text)
    WTIMER2A_Handler                         0x000003b5   Thumb Code     2  startup_tm4c123.o(.text)
    WTIMER2B_Handler                         0x000003b7   Thumb Code     2  startup_tm4c123.o(.text)
    WTIMER3A_Handler                         0x000003b9   Thumb Code     2  startup_tm4c123.o(.text)
    WTIMER3B_Handler                         0x000003bb   Thumb Code     2  startup_tm4c123.o(.text)
    WTIMER4A_Handler                         0x000003bd   Thumb Code     2  startup_tm4c123.o(.text)
    WTIMER4B_Handler                         0x000003bf   Thumb Code     2  startup_tm4c123.o(.text)
    WTIMER5A_Handler                         0x000003c1   Thumb Code     2  startup_tm4c123.o(.text)
    WTIMER5B_Handler                         0x000003c3   Thumb Code     2  startup_tm4c123.o(.text)
    FPU_Handler                              0x000003c5   Thumb Code     2  startup_tm4c123.o(.text)
    I2C4_Handler                             0x000003c7   Thumb Code     2  startup_tm4c123.o(.text)
    I2C5_Handler                             0x000003c9   Thumb Code     2  startup_tm4c123.o(.text)
    GPIOM_Handler                            0x000003cb   Thumb Code     2  startup_tm4c123.o(.text)
    GPION_Handler                            0x000003cd   Thumb Code     2  startup_tm4c123.o(.text)
    QEI2_Handler                             0x000003cf   Thumb Code     2  startup_tm4c123.o(.text)
    GPIOP0_Handler                           0x000003d1   Thumb Code     2  startup_tm4c123.o(.text)
    GPIOP1_Handler                           0x000003d3   Thumb Code     2  startup_tm4c123.o(.text)
    GPIOP2_Handler                           0x000003d5   Thumb Code     2  startup_tm4c123.o(.text)
    GPIOP3_Handler                           0x000003d7   Thumb Code     2  startup_tm4c123.o(.text)
    GPIOP4_Handler                           0x000003d9   Thumb Code     2  startup_tm4c123.o(.text)
    GPIOP5_Handler                           0x000003db   Thumb Code     2  startup_tm4c123.o(.text)
    GPIOP6_Handler                           0x000003dd   Thumb Code     2  startup_tm4c123.o(.text)
    GPIOP7_Handler                           0x000003df   Thumb Code     2  startup_tm4c123.o(.text)
    GPIOQ0_Handler                           0x000003e1   Thumb Code     2  startup_tm4c123.o(.text)
    GPIOQ1_Handler                           0x000003e3   Thumb Code     2  startup_tm4c123.o(.text)
    GPIOQ2_Handler                           0x000003e5   Thumb Code     2  startup_tm4c123.o(.text)
    GPIOQ3_Handler                           0x000003e7   Thumb Code     2  startup_tm4c123.o(.text)
    GPIOQ4_Handler                           0x000003e9   Thumb Code     2  startup_tm4c123.o(.text)
    GPIOQ5_Handler                           0x000003eb   Thumb Code     2  startup_tm4c123.o(.text)
    GPIOQ6_Handler                           0x000003ed   Thumb Code     2  startup_tm4c123.o(.text)
    GPIOQ7_Handler                           0x000003ef   Thumb Code     2  startup_tm4c123.o(.text)
    GPIOR_Handler                            0x000003f1   Thumb Code     2  startup_tm4c123.o(.text)
    GPIOS_Handler                            0x000003f3   Thumb Code     2  startup_tm4c123.o(.text)
    PMW1_0_Handler                           0x000003f5   Thumb Code     2  startup_tm4c123.o(.text)
    PWM1_1_Handler                           0x000003f7   Thumb Code     2  startup_tm4c123.o(.text)
    PWM1_2_Handler                           0x000003f9   Thumb Code     2  startup_tm4c123.o(.text)
    PWM1_3_Handler                           0x000003fb   Thumb Code     2  startup_tm4c123.o(.text)
    PWM1_FAULT_Handler                       0x000003fd   Thumb Code     2  startup_tm4c123.o(.text)
    __user_initial_stackheap                 0x00000401   Thumb Code     0  startup_tm4c123.o(.text)
    __use_two_region_memory                  0x00000421   Thumb Code     2  heapauxi.o(.text)
    __rt_heap_escrow$2region                 0x00000423   Thumb Code     2  heapauxi.o(.text)
    __rt_heap_expand$2region                 0x00000425   Thumb Code     2  heapauxi.o(.text)
    __user_setup_stackheap                   0x00000427   Thumb Code    74  sys_stackheap_outer.o(.text)
    exit                                     0x00000471   Thumb Code    18  exit.o(.text)
    __user_libspace                          0x00000485   Thumb Code     8  libspace.o(.text)
    __user_perproc_libspace                  0x00000485   Thumb Code     0  libspace.o(.text)
    __user_perthread_libspace                0x00000485   Thumb Code     0  libspace.o(.text)
    _sys_exit                                0x0000048d   Thumb Code     8  sys_exit.o(.text)
    __I$use$semihosting                      0x00000499   Thumb Code     0  use_no_semi.o(.text)
    __use_no_semihosting_swi                 0x00000499   Thumb Code     2  use_no_semi.o(.text)
    __semihosting_library_function           0x0000049b   Thumb Code     0  indicate_semi.o(.text)
    Bluetooth_Control                        0x0000049d   Thumb Code   142  bluetooth.o(.text.Bluetooth_Control)
    Bluetooth_Read                           0x0000052d   Thumb Code    22  bluetooth.o(.text.Bluetooth_Read)
    Bluetooth_Write                          0x00000545   Thumb Code    22  bluetooth.o(.text.Bluetooth_Write)
    Bluetooth_Write_String                   0x0000055d   Thumb Code    34  bluetooth.o(.text.Bluetooth_Write_String)
    Bluetooth_init                           0x00000581   Thumb Code    10  bluetooth.o(.text.Bluetooth_init)
    Delay                                    0x0000058d   Thumb Code    36  bluetooth.o(.text.Delay)
    GPIO_Init                                0x000005b1   Thumb Code   624  gpio.o(.text.GPIO_Init)
    GPIO_SetPinDirection                     0x00000821   Thumb Code  1410  gpio.o(.text.GPIO_SetPinDirection)
    GPIO_SetPinState                         0x00000da5   Thumb Code   544  gpio.o(.text.GPIO_SetPinState)
    Motor_Backward                           0x00000fc5   Thumb Code    52  motor.o(.text.Motor_Backward)
    Motor_GoForward                          0x00000ff9   Thumb Code    52  motor.o(.text.Motor_GoForward)
    Motor_Init                               0x0000102d   Thumb Code   206  motor.o(.text.Motor_Init)
    Motor_LEFT                               0x000010fd   Thumb Code    50  motor.o(.text.Motor_LEFT)
    Motor_Right                              0x00001131   Thumb Code    50  motor.o(.text.Motor_Right)
    Motor_Stop                               0x00001165   Thumb Code    26  motor.o(.text.Motor_Stop)
    PWMClockSet                              0x00001181   Thumb Code   440  pwm.o(.text.PWMClockSet)
    PWMDiv                                   0x00001339   Thumb Code    38  pwm.o(.text.PWMDiv)
    PWMDutyCycleSet                          0x00001361   Thumb Code  4216  pwm.o(.text.PWMDutyCycleSet)
    PWMGenConfigure                          0x000023d9   Thumb Code  1528  pwm.o(.text.PWMGenConfigure)
    PWMGenDisable                            0x000029d1   Thumb Code   356  pwm.o(.text.PWMGenDisable)
    PWMGenEnable                             0x00002b35   Thumb Code   550  pwm.o(.text.PWMGenEnable)
    PWMGenPeriodSet                          0x00002d5d   Thumb Code   524  pwm.o(.text.PWMGenPeriodSet)
    PWMPinConfigure                          0x00002f69   Thumb Code  2238  pwm.o(.text.PWMPinConfigure)
    PWM_Init                                 0x00003829   Thumb Code   140  pwm.o(.text.PWM_Init)
    SystemInit                               0x000038b5   Thumb Code    18  system_tm4c123.o(.text.SystemInit)
    UART0_Handler                            0x000038c9   Thumb Code    98  uart.o(.text.UART0_Handler)
    UART1_Handler                            0x0000392d   Thumb Code    98  uart.o(.text.UART1_Handler)
    UART2_Handler                            0x00003991   Thumb Code    98  uart.o(.text.UART2_Handler)
    UART3_Handler                            0x000039f5   Thumb Code    98  uart.o(.text.UART3_Handler)
    UART4_Handler                            0x00003a59   Thumb Code    88  uart.o(.text.UART4_Handler)
    UART5_Handler                            0x00003ab1   Thumb Code    98  uart.o(.text.UART5_Handler)
    UART6_Handler                            0x00003b15   Thumb Code    98  uart.o(.text.UART6_Handler)
    UART7_Handler                            0x00003b79   Thumb Code    98  uart.o(.text.UART7_Handler)
    UART_INIT                                0x00003bdd   Thumb Code  2038  uart.o(.text.UART_INIT)
    UART_RX                                  0x000043d5   Thumb Code   340  uart.o(.text.UART_RX)
    UART_TX                                  0x00004529   Thumb Code   342  uart.o(.text.UART_TX)
    main                                     0x00004681   Thumb Code    42  main.o(.text.main)
    __aeabi_dadd                             0x000046ad   Thumb Code     0  daddsub_clz.o(x$fpl$dadd)
    _dadd                                    0x000046ad   Thumb Code   332  daddsub_clz.o(x$fpl$dadd)
    __aeabi_d2uiz                            0x000047fd   Thumb Code     0  dfixu.o(x$fpl$dfixu)
    _dfixu                                   0x000047fd   Thumb Code    90  dfixu.o(x$fpl$dfixu)
    __aeabi_ui2d                             0x00004857   Thumb Code     0  dflt_clz.o(x$fpl$dfltu)
    _dfltu                                   0x00004857   Thumb Code    38  dflt_clz.o(x$fpl$dfltu)
    __aeabi_dmul                             0x0000487d   Thumb Code     0  dmul.o(x$fpl$dmul)
    _dmul                                    0x0000487d   Thumb Code   332  dmul.o(x$fpl$dmul)
    __fpl_dnaninf                            0x000049d1   Thumb Code   156  dnaninf.o(x$fpl$dnaninf)
    __fpl_dretinf                            0x00004a6d   Thumb Code    12  dretinf.o(x$fpl$dretinf)
    __aeabi_dsub                             0x00004a79   Thumb Code     0  daddsub_clz.o(x$fpl$dsub)
    _dsub                                    0x00004a79   Thumb Code   472  daddsub_clz.o(x$fpl$dsub)
    _fp_init                                 0x00004c55   Thumb Code    26  fpinit.o(x$fpl$fpinit)
    __fplib_config_fpu_vfp                   0x00004c6d   Thumb Code     0  fpinit.o(x$fpl$fpinit)
    __fplib_config_pureend_doubles           0x00004c6d   Thumb Code     0  fpinit.o(x$fpl$fpinit)
    __I$use$fp                               0x00004c6e   Number         0  usenofp.o(x$fpl$usenofp)
    Region$$Table$$Base                      0x00004c90   Number         0  anon$$obj.o(Region$$Table)
    Region$$Table$$Limit                     0x00004cb0   Number         0  anon$$obj.o(Region$$Table)
    duty_cycle                               0x20000000   Data           2  motor.o(.data.duty_cycle)
    freq                                     0x20000002   Data           2  motor.o(.data.freq)
    __libspace_start                         0x20000008   Data          96  libspace.o(.bss)
    Load                                     0x20000068   Data           4  pwm.o(.bss.Load)
    __temporary_stack_top$libspace           0x20000068   Data           0  libspace.o(.bss)
    data                                     0x2000006c   Data           1  uart.o(.bss.data)



==============================================================================

Memory Map of the image

  Image Entry point : 0x0000030d

  Load Region LR_1 (Base: 0x00000000, Size: 0x00004cb4, Max: 0xffffffff, ABSOLUTE)

    Execution Region ER_RO (Exec base: 0x00000000, Load base: 0x00000000, Size: 0x00004cb0, Max: 0xffffffff, ABSOLUTE)

    Exec Addr    Load Addr    Size         Type   Attr      Idx    E Section Name        Object

    0x00000000   0x00000000   0x0000026c   Data   RO          149    RESET               startup_tm4c123.o
    0x0000026c   0x0000026c   0x00000008   Code   RO          174  * !!!main             c_w.l(__main.o)
    0x00000274   0x00000274   0x00000034   Code   RO          362    !!!scatter          c_w.l(__scatter.o)
    0x000002a8   0x000002a8   0x0000001a   Code   RO          364    !!handler_copy      c_w.l(__scatter_copy.o)
    0x000002c2   0x000002c2   0x00000002   PAD
    0x000002c4   0x000002c4   0x0000001c   Code   RO          366    !!handler_zi        c_w.l(__scatter_zi.o)
    0x000002e0   0x000002e0   0x00000002   Code   RO          224    .ARM.Collect$$libinit$$00000000  c_w.l(libinit.o)
    0x000002e2   0x000002e2   0x00000004   Code   RO          230    .ARM.Collect$$libinit$$00000001  c_w.l(libinit2.o)
    0x000002e6   0x000002e6   0x00000000   Code   RO          233    .ARM.Collect$$libinit$$00000004  c_w.l(libinit2.o)
    0x000002e6   0x000002e6   0x00000000   Code   RO          235    .ARM.Collect$$libinit$$00000006  c_w.l(libinit2.o)
    0x000002e6   0x000002e6   0x00000000   Code   RO          238    .ARM.Collect$$libinit$$0000000C  c_w.l(libinit2.o)
    0x000002e6   0x000002e6   0x00000000   Code   RO          240    .ARM.Collect$$libinit$$0000000E  c_w.l(libinit2.o)
    0x000002e6   0x000002e6   0x00000000   Code   RO          242    .ARM.Collect$$libinit$$00000010  c_w.l(libinit2.o)
    0x000002e6   0x000002e6   0x00000000   Code   RO          245    .ARM.Collect$$libinit$$00000013  c_w.l(libinit2.o)
    0x000002e6   0x000002e6   0x00000000   Code   RO          247    .ARM.Collect$$libinit$$00000015  c_w.l(libinit2.o)
    0x000002e6   0x000002e6   0x00000000   Code   RO          249    .ARM.Collect$$libinit$$00000017  c_w.l(libinit2.o)
    0x000002e6   0x000002e6   0x00000000   Code   RO          251    .ARM.Collect$$libinit$$00000019  c_w.l(libinit2.o)
    0x000002e6   0x000002e6   0x00000000   Code   RO          253    .ARM.Collect$$libinit$$0000001B  c_w.l(libinit2.o)
    0x000002e6   0x000002e6   0x00000000   Code   RO          255    .ARM.Collect$$libinit$$0000001D  c_w.l(libinit2.o)
    0x000002e6   0x000002e6   0x00000000   Code   RO          257    .ARM.Collect$$libinit$$0000001F  c_w.l(libinit2.o)
    0x000002e6   0x000002e6   0x00000000   Code   RO          259    .ARM.Collect$$libinit$$00000021  c_w.l(libinit2.o)
    0x000002e6   0x000002e6   0x00000000   Code   RO          261    .ARM.Collect$$libinit$$00000023  c_w.l(libinit2.o)
    0x000002e6   0x000002e6   0x00000000   Code   RO          263    .ARM.Collect$$libinit$$00000025  c_w.l(libinit2.o)
    0x000002e6   0x000002e6   0x00000000   Code   RO          265    .ARM.Collect$$libinit$$00000027  c_w.l(libinit2.o)
    0x000002e6   0x000002e6   0x00000000   Code   RO          269    .ARM.Collect$$libinit$$0000002E  c_w.l(libinit2.o)
    0x000002e6   0x000002e6   0x00000000   Code   RO          271    .ARM.Collect$$libinit$$00000030  c_w.l(libinit2.o)
    0x000002e6   0x000002e6   0x00000000   Code   RO          273    .ARM.Collect$$libinit$$00000032  c_w.l(libinit2.o)
    0x000002e6   0x000002e6   0x00000000   Code   RO          275    .ARM.Collect$$libinit$$00000034  c_w.l(libinit2.o)
    0x000002e6   0x000002e6   0x00000002   Code   RO          276    .ARM.Collect$$libinit$$00000035  c_w.l(libinit2.o)
    0x000002e8   0x000002e8   0x00000002   Code   RO          298    .ARM.Collect$$libshutdown$$00000000  c_w.l(libshutdown.o)
    0x000002ea   0x000002ea   0x00000000   Code   RO          313    .ARM.Collect$$libshutdown$$00000002  c_w.l(libshutdown2.o)
    0x000002ea   0x000002ea   0x00000000   Code   RO          315    .ARM.Collect$$libshutdown$$00000004  c_w.l(libshutdown2.o)
    0x000002ea   0x000002ea   0x00000000   Code   RO          318    .ARM.Collect$$libshutdown$$00000007  c_w.l(libshutdown2.o)
    0x000002ea   0x000002ea   0x00000000   Code   RO          321    .ARM.Collect$$libshutdown$$0000000A  c_w.l(libshutdown2.o)
    0x000002ea   0x000002ea   0x00000000   Code   RO          323    .ARM.Collect$$libshutdown$$0000000C  c_w.l(libshutdown2.o)
    0x000002ea   0x000002ea   0x00000000   Code   RO          326    .ARM.Collect$$libshutdown$$0000000F  c_w.l(libshutdown2.o)
    0x000002ea   0x000002ea   0x00000002   Code   RO          327    .ARM.Collect$$libshutdown$$00000010  c_w.l(libshutdown2.o)
    0x000002ec   0x000002ec   0x00000000   Code   RO          194    .ARM.Collect$$rtentry$$00000000  c_w.l(__rtentry.o)
    0x000002ec   0x000002ec   0x00000000   Code   RO          201    .ARM.Collect$$rtentry$$00000002  c_w.l(__rtentry2.o)
    0x000002ec   0x000002ec   0x00000006   Code   RO          213    .ARM.Collect$$rtentry$$00000004  c_w.l(__rtentry4.o)
    0x000002f2   0x000002f2   0x00000000   Code   RO          203    .ARM.Collect$$rtentry$$00000009  c_w.l(__rtentry2.o)
    0x000002f2   0x000002f2   0x00000004   Code   RO          204    .ARM.Collect$$rtentry$$0000000A  c_w.l(__rtentry2.o)
    0x000002f6   0x000002f6   0x00000000   Code   RO          206    .ARM.Collect$$rtentry$$0000000C  c_w.l(__rtentry2.o)
    0x000002f6   0x000002f6   0x00000008   Code   RO          207    .ARM.Collect$$rtentry$$0000000D  c_w.l(__rtentry2.o)
    0x000002fe   0x000002fe   0x00000002   Code   RO          228    .ARM.Collect$$rtexit$$00000000  c_w.l(rtexit.o)
    0x00000300   0x00000300   0x00000000   Code   RO          278    .ARM.Collect$$rtexit$$00000002  c_w.l(rtexit2.o)
    0x00000300   0x00000300   0x00000004   Code   RO          279    .ARM.Collect$$rtexit$$00000003  c_w.l(rtexit2.o)
    0x00000304   0x00000304   0x00000006   Code   RO          280    .ARM.Collect$$rtexit$$00000004  c_w.l(rtexit2.o)
    0x0000030a   0x0000030a   0x00000002   PAD
    0x0000030c   0x0000030c   0x00000114   Code   RO          150  * .text               startup_tm4c123.o
    0x00000420   0x00000420   0x00000006   Code   RO          172    .text               c_w.l(heapauxi.o)
    0x00000426   0x00000426   0x0000004a   Code   RO          215    .text               c_w.l(sys_stackheap_outer.o)
    0x00000470   0x00000470   0x00000012   Code   RO          217    .text               c_w.l(exit.o)
    0x00000482   0x00000482   0x00000002   PAD
    0x00000484   0x00000484   0x00000008   Code   RO          225    .text               c_w.l(libspace.o)
    0x0000048c   0x0000048c   0x0000000c   Code   RO          288    .text               c_w.l(sys_exit.o)
    0x00000498   0x00000498   0x00000002   Code   RO          303    .text               c_w.l(use_no_semi.o)
    0x0000049a   0x0000049a   0x00000000   Code   RO          305    .text               c_w.l(indicate_semi.o)
    0x0000049a   0x0000049a   0x00000002   PAD
    0x0000049c   0x0000049c   0x0000008e   Code   RO           12    .text.Bluetooth_Control  bluetooth.o
    0x0000052a   0x0000052a   0x00000002   PAD
    0x0000052c   0x0000052c   0x00000016   Code   RO            4    .text.Bluetooth_Read  bluetooth.o
    0x00000542   0x00000542   0x00000002   PAD
    0x00000544   0x00000544   0x00000016   Code   RO            6    .text.Bluetooth_Write  bluetooth.o
    0x0000055a   0x0000055a   0x00000002   PAD
    0x0000055c   0x0000055c   0x00000022   Code   RO            8    .text.Bluetooth_Write_String  bluetooth.o
    0x0000057e   0x0000057e   0x00000002   PAD
    0x00000580   0x00000580   0x0000000a   Code   RO            2    .text.Bluetooth_init  bluetooth.o
    0x0000058a   0x0000058a   0x00000002   PAD
    0x0000058c   0x0000058c   0x00000024   Code   RO           10    .text.Delay         bluetooth.o
    0x000005b0   0x000005b0   0x00000270   Code   RO           22    .text.GPIO_Init     gpio.o
    0x00000820   0x00000820   0x00000582   Code   RO           24    .text.GPIO_SetPinDirection  gpio.o
    0x00000da2   0x00000da2   0x00000002   PAD
    0x00000da4   0x00000da4   0x00000220   Code   RO           26    .text.GPIO_SetPinState  gpio.o
    0x00000fc4   0x00000fc4   0x00000034   Code   RO           60    .text.Motor_Backward  motor.o
    0x00000ff8   0x00000ff8   0x00000034   Code   RO           58    .text.Motor_GoForward  motor.o
    0x0000102c   0x0000102c   0x000000ce   Code   RO           52    .text.Motor_Init    motor.o
    0x000010fa   0x000010fa   0x00000002   PAD
    0x000010fc   0x000010fc   0x00000032   Code   RO           62    .text.Motor_LEFT    motor.o
    0x0000112e   0x0000112e   0x00000002   PAD
    0x00001130   0x00001130   0x00000032   Code   RO           64    .text.Motor_Right   motor.o
    0x00001162   0x00001162   0x00000002   PAD
    0x00001164   0x00001164   0x0000001a   Code   RO           56    .text.Motor_Stop    motor.o
    0x0000117e   0x0000117e   0x00000002   PAD
    0x00001180   0x00001180   0x000001b8   Code   RO           77    .text.PWMClockSet   pwm.o
    0x00001338   0x00001338   0x00000026   Code   RO           79    .text.PWMDiv        pwm.o
    0x0000135e   0x0000135e   0x00000002   PAD
    0x00001360   0x00001360   0x00001078   Code   RO           89    .text.PWMDutyCycleSet  pwm.o
    0x000023d8   0x000023d8   0x000005f8   Code   RO           85    .text.PWMGenConfigure  pwm.o
    0x000029d0   0x000029d0   0x00000164   Code   RO           83    .text.PWMGenDisable  pwm.o
    0x00002b34   0x00002b34   0x00000226   Code   RO           91    .text.PWMGenEnable  pwm.o
    0x00002d5a   0x00002d5a   0x00000002   PAD
    0x00002d5c   0x00002d5c   0x0000020c   Code   RO           87    .text.PWMGenPeriodSet  pwm.o
    0x00002f68   0x00002f68   0x000008be   Code   RO           81    .text.PWMPinConfigure  pwm.o
    0x00003826   0x00003826   0x00000002   PAD
    0x00003828   0x00003828   0x0000008c   Code   RO           93    .text.PWM_Init      pwm.o
    0x000038b4   0x000038b4   0x00000012   Code   RO          161    .text.SystemInit    system_tm4c123.o
    0x000038c6   0x000038c6   0x00000002   PAD
    0x000038c8   0x000038c8   0x00000062   Code   RO          124    .text.UART0_Handler  uart.o
    0x0000392a   0x0000392a   0x00000002   PAD
    0x0000392c   0x0000392c   0x00000062   Code   RO          126    .text.UART1_Handler  uart.o
    0x0000398e   0x0000398e   0x00000002   PAD
    0x00003990   0x00003990   0x00000062   Code   RO          128    .text.UART2_Handler  uart.o
    0x000039f2   0x000039f2   0x00000002   PAD
    0x000039f4   0x000039f4   0x00000062   Code   RO          130    .text.UART3_Handler  uart.o
    0x00003a56   0x00003a56   0x00000002   PAD
    0x00003a58   0x00003a58   0x00000058   Code   RO          132    .text.UART4_Handler  uart.o
    0x00003ab0   0x00003ab0   0x00000062   Code   RO          134    .text.UART5_Handler  uart.o
    0x00003b12   0x00003b12   0x00000002   PAD
    0x00003b14   0x00003b14   0x00000062   Code   RO          136    .text.UART6_Handler  uart.o
    0x00003b76   0x00003b76   0x00000002   PAD
    0x00003b78   0x00003b78   0x00000062   Code   RO          138    .text.UART7_Handler  uart.o
    0x00003bda   0x00003bda   0x00000002   PAD
    0x00003bdc   0x00003bdc   0x000007f6   Code   RO          114    .text.UART_INIT     uart.o
    0x000043d2   0x000043d2   0x00000002   PAD
    0x000043d4   0x000043d4   0x00000154   Code   RO          118    .text.UART_RX       uart.o
    0x00004528   0x00004528   0x00000156   Code   RO          116    .text.UART_TX       uart.o
    0x0000467e   0x0000467e   0x00000002   PAD
    0x00004680   0x00004680   0x0000002a   Code   RO           43    .text.main          main.o
    0x000046aa   0x000046aa   0x00000002   PAD
    0x000046ac   0x000046ac   0x00000150   Code   RO          176    x$fpl$dadd          fz_wm.l(daddsub_clz.o)
    0x000047fc   0x000047fc   0x0000005a   Code   RO          182    x$fpl$dfixu         fz_wm.l(dfixu.o)
    0x00004856   0x00004856   0x00000026   Code   RO          186    x$fpl$dfltu         fz_wm.l(dflt_clz.o)
    0x0000487c   0x0000487c   0x00000154   Code   RO          192    x$fpl$dmul          fz_wm.l(dmul.o)
    0x000049d0   0x000049d0   0x0000009c   Code   RO          195    x$fpl$dnaninf       fz_wm.l(dnaninf.o)
    0x00004a6c   0x00004a6c   0x0000000c   Code   RO          197    x$fpl$dretinf       fz_wm.l(dretinf.o)
    0x00004a78   0x00004a78   0x000001dc   Code   RO          178    x$fpl$dsub          fz_wm.l(daddsub_clz.o)
    0x00004c54   0x00004c54   0x0000001a   Code   RO          286    x$fpl$fpinit        fz_wm.l(fpinit.o)
    0x00004c6e   0x00004c6e   0x00000000   Code   RO          199    x$fpl$usenofp       fz_wm.l(usenofp.o)
    0x00004c6e   0x00004c6e   0x00000021   Data   RO           14    .rodata.str1.1      bluetooth.o
    0x00004c8f   0x00004c8f   0x00000001   PAD
    0x00004c90   0x00004c90   0x00000020   Data   RO          361    Region$$Table       anon$$obj.o


    Execution Region ER_RW (Exec base: 0x20000000, Load base: 0x00004cb0, Size: 0x00000004, Max: 0xffffffff, ABSOLUTE)

    Exec Addr    Load Addr    Size         Type   Attr      Idx    E Section Name        Object

    0x20000000   0x00004cb0   0x00000002   Data   RW           68    .data.duty_cycle    motor.o
    0x20000002   0x00004cb2   0x00000002   Data   RW           69    .data.freq          motor.o


    Execution Region ER_ZI (Exec base: 0x20000008, Load base: 0x00004cb4, Size: 0x00000268, Max: 0xffffffff, ABSOLUTE)

    Exec Addr    Load Addr    Size         Type   Attr      Idx    E Section Name        Object

    0x20000008        -       0x00000060   Zero   RW          226    .bss                c_w.l(libspace.o)
    0x20000068        -       0x00000004   Zero   RW           95    .bss.Load           pwm.o
    0x2000006c        -       0x00000001   Zero   RW          140    .bss.data           uart.o
    0x2000006d   0x00004cb4   0x00000003   PAD
    0x20000070        -       0x00000000   Zero   RW          148    HEAP                startup_tm4c123.o
    0x20000070        -       0x00000200   Zero   RW          147    STACK               startup_tm4c123.o


==============================================================================

Image component sizes


      Code (inc. data)   RO Data    RW Data    ZI Data      Debug   Object Name

       266         18         33          0          0       1422   bluetooth.o
      2578         24          0          0          0       3730   gpio.o
        42          0          0          0          0        461   main.o
       436          0          0          4          0       2347   motor.o
     10030        166          0          0          4       5975   pwm.o
       276         24        620          0        512       5488   startup_tm4c123.o
        18          0          0          0          0       6633   system_tm4c123.o
      3494         32          0          0          1       3626   uart.o

    ----------------------------------------------------------------------
     17188        264        686          4        520      29682   Object Totals
         0          0         32          0          0          0   (incl. Generated)
        48          0          1          0          3          0   (incl. Padding)

    ----------------------------------------------------------------------

      Code (inc. data)   RO Data    RW Data    ZI Data      Debug   Library Member Name

         8          0          0          0          0         68   __main.o
         0          0          0          0          0          0   __rtentry.o
        12          0          0          0          0          0   __rtentry2.o
         6          0          0          0          0          0   __rtentry4.o
        52          8          0          0          0          0   __scatter.o
        26          0          0          0          0          0   __scatter_copy.o
        28          0          0          0          0          0   __scatter_zi.o
        18          0          0          0          0         80   exit.o
         6          0          0          0          0        152   heapauxi.o
         0          0          0          0          0          0   indicate_semi.o
         2          0          0          0          0          0   libinit.o
         6          0          0          0          0          0   libinit2.o
         2          0          0          0          0          0   libshutdown.o
         2          0          0          0          0          0   libshutdown2.o
         8          4          0          0         96         68   libspace.o
         2          0          0          0          0          0   rtexit.o
        10          0          0          0          0          0   rtexit2.o
        12          4          0          0          0         68   sys_exit.o
        74          0          0          0          0         80   sys_stackheap_outer.o
         2          0          0          0          0         68   use_no_semi.o
       812         16          0          0          0        392   daddsub_clz.o
        90          4          0          0          0        140   dfixu.o
        38          0          0          0          0        116   dflt_clz.o
       340         12          0          0          0        152   dmul.o
       156          4          0          0          0        140   dnaninf.o
        12          0          0          0          0        116   dretinf.o
        26          0          0          0          0        116   fpinit.o
         0          0          0          0          0          0   usenofp.o

    ----------------------------------------------------------------------
      1758         52          0          0         96       1756   Library Totals
         8          0          0          0          0          0   (incl. Padding)

    ----------------------------------------------------------------------

      Code (inc. data)   RO Data    RW Data    ZI Data      Debug   Library Name

       276         16          0          0         96        584   c_w.l
      1474         36          0          0          0       1172   fz_wm.l

    ----------------------------------------------------------------------
      1758         52          0          0         96       1756   Library Totals

    ----------------------------------------------------------------------

==============================================================================


      Code (inc. data)   RO Data    RW Data    ZI Data      Debug   

     18946        316        686          4        616      30462   Grand Totals
     18946        316        686          4        616      30462   ELF Image Totals
     18946        316        686          4          0          0   ROM Totals

==============================================================================

    Total RO  Size (Code + RO Data)                19632 (  19.17kB)
    Total RW  Size (RW Data + ZI Data)               620 (   0.61kB)
    Total ROM Size (Code + RO Data + RW Data)      19636 (  19.18kB)

==============================================================================

