<html>
<body>
<pre>
<h1>µVision Build Log</h1>
<h2>Tool Versions:</h2>
IDE-Version: µVision V5.38.0.0
Copyright (C) 2022 ARM Ltd and ARM Germany GmbH. All rights reserved.
License Information: Ahmed Abdelmotelb Ali, Administrator, LIC=----
 
Tool Versions:
Toolchain:       MDK-Lite  Version: 5.38.0.0
Toolchain Path:  D:\ARM\ARMCLANG\Bin
C Compiler:      ArmClang.exe V6.19
Assembler:       Armasm.exe V6.19
Linker/Locator:  ArmLink.exe V6.19
Library Manager: ArmAr.exe V6.19
Hex Converter:   FromElf.exe V6.19
CPU DLL:         SARMCM3.DLL V5.38.0.0
Dialog DLL:      DCM.DLL V1.17.5.0
Target DLL:      lmidk-agdi.dll V???
Dialog DLL:      TCM.DLL V1.56.4.0
 
<h2>Project:</h2>
D:\C51\Examples\HELLO\project\New folder\New folder\motor\motot.uvprojx
Project File Date:  02/24/2024

<h2>Output:</h2>
*** Using Compiler 'V6.19', folder: 'D:\ARM\ARMCLANG\Bin'
Rebuild target 'Target 1'
main.c(6): warning: In file included from...
./PWM.h(3): warning: non-portable path to file '"Type.h"'; specified path differs in case from file name on disk [-Wnonportable-include-path]
#include "type.h"
         ^~~~~~~~
         "Type.h"
1 warning generated.
compiling main.c...
GPIO.c(138): warning: default label in switch which covers all enumeration values [-Wcovered-switch-default]
               default : /*Do Nothing */ break;
               ^
GPIO.c(139): warning: empty expression statement has no effect; remove unnecessary ';' to silence this warning [-Wextra-semi-stmt]
            };
             ^
GPIO.c(165): warning: default label in switch which covers all enumeration values [-Wcovered-switch-default]
               default : /*Do Nothing */ break;
               ^
GPIO.c(166): warning: empty expression statement has no effect; remove unnecessary ';' to silence this warning [-Wextra-semi-stmt]
            };
             ^
GPIO.c(192): warning: default label in switch which covers all enumeration values [-Wcovered-switch-default]
               default : /*Do Nothing */ break;
               ^
GPIO.c(193): warning: empty expression statement has no effect; remove unnecessary ';' to silence this warning [-Wextra-semi-stmt]
            };
             ^
GPIO.c(219): warning: default label in switch which covers all enumeration values [-Wcovered-switch-default]
               default : /*Do Nothing */ break;
               ^
GPIO.c(220): warning: empty expression statement has no effect; remove unnecessary ';' to silence this warning [-Wextra-semi-stmt]
            };
             ^
GPIO.c(246): warning: default label in switch which covers all enumeration values [-Wcovered-switch-default]
               default : /*Do Nothing */ break;
               ^
GPIO.c(247): warning: empty expression statement has no effect; remove unnecessary ';' to silence this warning [-Wextra-semi-stmt]
            };
             ^
GPIO.c(273): warning: default label in switch which covers all enumeration values [-Wcovered-switch-default]
               default : /*Do Nothing */ break;
               ^
GPIO.c(274): warning: empty expression statement has no effect; remove unnecessary ';' to silence this warning [-Wextra-semi-stmt]
            };
             ^
GPIO.c(294): warning: default label in switch which covers all enumeration values [-Wcovered-switch-default]
               default : /*Do Nothing */ break;
               ^
GPIO.c(295): warning: empty expression statement has no effect; remove unnecessary ';' to silence this warning [-Wextra-semi-stmt]
            };
             ^
GPIO.c(303): warning: default label in switch which covers all enumeration values [-Wcovered-switch-default]
               default : /*Do Nothing */ break;
               ^
GPIO.c(304): warning: empty expression statement has no effect; remove unnecessary ';' to silence this warning [-Wextra-semi-stmt]
            };
             ^
GPIO.c(312): warning: default label in switch which covers all enumeration values [-Wcovered-switch-default]
               default : /*Do Nothing */ break;
               ^
GPIO.c(313): warning: empty expression statement has no effect; remove unnecessary ';' to silence this warning [-Wextra-semi-stmt]
            };
             ^
GPIO.c(321): warning: default label in switch which covers all enumeration values [-Wcovered-switch-default]
               default : /*Do Nothing */ break;
               ^
GPIO.c(322): warning: empty expression statement has no effect; remove unnecessary ';' to silence this warning [-Wextra-semi-stmt]
            };
             ^
GPIO.c(330): warning: default label in switch which covers all enumeration values [-Wcovered-switch-default]
               default : /*Do Nothing */ break;
               ^
GPIO.c(331): warning: empty expression statement has no effect; remove unnecessary ';' to silence this warning [-Wextra-semi-stmt]
            };
             ^
GPIO.c(339): warning: default label in switch which covers all enumeration values [-Wcovered-switch-default]
               default : /*Do Nothing */ break;
               ^
GPIO.c(340): warning: empty expression statement has no effect; remove unnecessary ';' to silence this warning [-Wextra-semi-stmt]
            };
             ^
GPIO.c(411): warning: default label in switch which covers all enumeration values [-Wcovered-switch-default]
                       default : /*Do Nothing */ break;
                       ^
GPIO.c(412): warning: empty expression statement has no effect; remove unnecessary ';' to silence this warning [-Wextra-semi-stmt]
                    };
                     ^
GPIO.c(438): warning: default label in switch which covers all enumeration values [-Wcovered-switch-default]
                       default : /*Do Nothing */ break;
                       ^
GPIO.c(439): warning: empty expression statement has no effect; remove unnecessary ';' to silence this warning [-Wextra-semi-stmt]
                    };
                     ^
GPIO.c(465): warning: default label in switch which covers all enumeration values [-Wcovered-switch-default]
                       default : /*Do Nothing */ break;
                       ^
GPIO.c(466): warning: empty expression statement has no effect; remove unnecessary ';' to silence this warning [-Wextra-semi-stmt]
                    };
                     ^
GPIO.c(492): warning: default label in switch which covers all enumeration values [-Wcovered-switch-default]
                       default : /*Do Nothing */ break;
                       ^
GPIO.c(493): warning: empty expression statement has no effect; remove unnecessary ';' to silence this warning [-Wextra-semi-stmt]
                    };
                     ^
GPIO.c(519): warning: default label in switch which covers all enumeration values [-Wcovered-switch-default]
                       default : /*Do Nothing */ break;
                       ^
GPIO.c(520): warning: empty expression statement has no effect; remove unnecessary ';' to silence this warning [-Wextra-semi-stmt]
                    };
                     ^
GPIO.c(546): warning: default label in switch which covers all enumeration values [-Wcovered-switch-default]
                       default : /*Do Nothing */ break;
                       ^
GPIO.c(547): warning: empty expression statement has no effect; remove unnecessary ';' to silence this warning [-Wextra-semi-stmt]
                    };
                     ^
GPIO.c(597): warning: implicit conversion loses integer precision: 'volatile unsigned long' to 'uint08_t' (aka 'unsigned char') [-Wimplicit-int-conversion]
            returned_value =GPIO_PORTA_DATA_R ; break ;
                           ~^~~~~~~~~~~~~~~~~
./tm4c123gh6pm.h(162): note: expanded from macro 'GPIO_PORTA_DATA_R'
#define GPIO_PORTA_DATA_R       (*((volatile unsigned long *)0x400043FC))
                                 ^~~~~~~~~~~~~~~~~~~~~~~~~~~~~~~~~~~~~~~
GPIO.c(599): warning: implicit conversion loses integer precision: 'volatile unsigned long' to 'uint08_t' (aka 'unsigned char') [-Wimplicit-int-conversion]
            returned_value =GPIO_PORTB_DATA_R ; break ;
                           ~^~~~~~~~~~~~~~~~~
./tm4c123gh6pm.h(193): note: expanded from macro 'GPIO_PORTB_DATA_R'
#define GPIO_PORTB_DATA_R       (*((volatile unsigned long *)0x400053FC))
                                 ^~~~~~~~~~~~~~~~~~~~~~~~~~~~~~~~~~~~~~~
GPIO.c(601): warning: implicit conversion loses integer precision: 'volatile unsigned long' to 'uint08_t' (aka 'unsigned char') [-Wimplicit-int-conversion]
            returned_value =GPIO_PORTC_DATA_R ; break ;
                           ~^~~~~~~~~~~~~~~~~
./tm4c123gh6pm.h(224): note: expanded from macro 'GPIO_PORTC_DATA_R'
#define GPIO_PORTC_DATA_R       (*((volatile unsigned long *)0x400063FC))
                                 ^~~~~~~~~~~~~~~~~~~~~~~~~~~~~~~~~~~~~~~
GPIO.c(603): warning: implicit conversion loses integer precision: 'volatile unsigned long' to 'uint08_t' (aka 'unsigned char') [-Wimplicit-int-conversion]
            returned_value =GPIO_PORTD_DATA_R ; break ;
                           ~^~~~~~~~~~~~~~~~~
./tm4c123gh6pm.h(255): note: expanded from macro 'GPIO_PORTD_DATA_R'
#define GPIO_PORTD_DATA_R       (*((volatile unsigned long *)0x400073FC))
                                 ^~~~~~~~~~~~~~~~~~~~~~~~~~~~~~~~~~~~~~~
GPIO.c(605): warning: implicit conversion loses integer precision: 'volatile unsigned long' to 'uint08_t' (aka 'unsigned char') [-Wimplicit-int-conversion]
            returned_value =GPIO_PORTE_DATA_R ; break ;
                           ~^~~~~~~~~~~~~~~~~
./tm4c123gh6pm.h(670): note: expanded from macro 'GPIO_PORTE_DATA_R'
#define GPIO_PORTE_DATA_R       (*((volatile unsigned long *)0x400243FC))
                                 ^~~~~~~~~~~~~~~~~~~~~~~~~~~~~~~~~~~~~~~
GPIO.c(607): warning: implicit conversion loses integer precision: 'volatile unsigned long' to 'uint08_t' (aka 'unsigned char') [-Wimplicit-int-conversion]
            returned_value =GPIO_PORTF_DATA_R ; break ;
                           ~^~~~~~~~~~~~~~~~~
./tm4c123gh6pm.h(701): note: expanded from macro 'GPIO_PORTF_DATA_R'
#define GPIO_PORTF_DATA_R       (*((volatile unsigned long *)0x400253FC))
                                 ^~~~~~~~~~~~~~~~~~~~~~~~~~~~~~~~~~~~~~~
42 warnings generated.
compiling GPIO.c...
Bluetooth.c(11): warning: no previous prototype for function 'Bluetooth_init' [-Wmissing-prototypes]
void Bluetooth_init(void)
     ^
Bluetooth.c(11): note: declare 'static' if the function is not intended to be used outside of this translation unit
void Bluetooth_init(void)
^
static 
Bluetooth.c(15): warning: no previous prototype for function 'Bluetooth_Read' [-Wmissing-prototypes]
uint08_t Bluetooth_Read(void)
         ^
Bluetooth.c(15): note: declare 'static' if the function is not intended to be used outside of this translation unit
uint08_t Bluetooth_Read(void)
^
static 
Bluetooth.c(22): warning: no previous prototype for function 'Bluetooth_Write' [-Wmissing-prototypes]
void Bluetooth_Write(unsigned char data)
     ^
Bluetooth.c(22): note: declare 'static' if the function is not intended to be used outside of this translation unit
void Bluetooth_Write(unsigned char data)
^
static 
Bluetooth.c(26): warning: no previous prototype for function 'Bluetooth_Write_String' [-Wmissing-prototypes]
void Bluetooth_Write_String(char *str)
     ^
Bluetooth.c(26): note: declare 'static' if the function is not intended to be used outside of this translation unit
void Bluetooth_Write_String(char *str)
^
static 
Bluetooth.c(34): warning: no previous prototype for function 'Delay' [-Wmissing-prototypes]
void Delay(unsigned long counter)
     ^
Bluetooth.c(34): note: declare 'static' if the function is not intended to be used outside of this translation unit
void Delay(unsigned long counter)
^
static 
Bluetooth.c(41): warning: no previous prototype for function 'Bluetooth_Control' [-Wmissing-prototypes]
void Bluetooth_Control(char data)
     ^
Bluetooth.c(41): note: declare 'static' if the function is not intended to be used outside of this translation unit
void Bluetooth_Control(char data)
^
static 
6 warnings generated.
compiling Bluetooth.c...
RGB_LEDS.c(24): warning: enumeration value 'LED_STATE_OFF' not explicitly handled in switch [-Wswitch-enum]
    switch (red) {
            ^~~
RGB_LEDS.c(32): warning: enumeration value 'LED_STATE_OFF' not explicitly handled in switch [-Wswitch-enum]
    switch (green) {
            ^~~~~
RGB_LEDS.c(40): warning: enumeration value 'LED_STATE_OFF' not explicitly handled in switch [-Wswitch-enum]
    switch (blue) {
            ^~~~
3 warnings generated.
compiling RGB_LEDS.c...
Motor.c(6): warning: In file included from...
./PWM.h(3): warning: non-portable path to file '"Type.h"'; specified path differs in case from file name on disk [-Wnonportable-include-path]
#include "type.h"
         ^~~~~~~~
         "Type.h"
Motor.c(8): warning: no previous extern declaration for non-static variable 'duty_cycle' [-Wmissing-variable-declarations]
uint16_t duty_cycle=25;
         ^
Motor.c(8): note: declare 'static' if the variable is not intended to be used outside of this translation unit
uint16_t duty_cycle=25;
^
Motor.c(9): warning: no previous extern declaration for non-static variable 'freq' [-Wmissing-variable-declarations]
uint16_t freq =50;
         ^
Motor.c(9): note: declare 'static' if the variable is not intended to be used outside of this translation unit
uint16_t freq =50;
^
3 warnings generated.
compiling Motor.c...
UART.c(26): warning: implicit conversion changes signedness: 'int' to 'unsigned long' [-Wsign-conversion]
            CLR_BIT(GPIO_PORTA_DIR_R,0);
            ^~~~~~~~~~~~~~~~~~~~~~~~~~~
./BITMATH.h(5): note: expanded from macro 'CLR_BIT'
#define CLR_BIT(Reg,Bit)                 ( (Reg) &= ~( (1) << (Bit) )  )
                                                 ~~ ^~~~~~~~~~~~~~~~~
UART.c(32): warning: implicit conversion changes signedness: 'int' to 'unsigned long' [-Wsign-conversion]
            CLR_BIT(UART0_CTL_R,0); // Disable the UART by clearing the UARTEN bit in the UARTCTL register.
            ^~~~~~~~~~~~~~~~~~~~~~
./BITMATH.h(5): note: expanded from macro 'CLR_BIT'
#define CLR_BIT(Reg,Bit)                 ( (Reg) &= ~( (1) << (Bit) )  )
                                                 ~~ ^~~~~~~~~~~~~~~~~
UART.c(37): warning: implicit conversion changes signedness: 'int' to 'unsigned long' [-Wsign-conversion]
            CLR_BIT(UART0_LCRH_R,3); // 111000
            ^~~~~~~~~~~~~~~~~~~~~~~
./BITMATH.h(5): note: expanded from macro 'CLR_BIT'
#define CLR_BIT(Reg,Bit)                 ( (Reg) &= ~( (1) << (Bit) )  )
                                                 ~~ ^~~~~~~~~~~~~~~~~
UART.c(64): warning: implicit conversion changes signedness: 'int' to 'unsigned long' [-Wsign-conversion]
            CLR_BIT(GPIO_PORTB_DIR_R,0);
            ^~~~~~~~~~~~~~~~~~~~~~~~~~~
./BITMATH.h(5): note: expanded from macro 'CLR_BIT'
#define CLR_BIT(Reg,Bit)                 ( (Reg) &= ~( (1) << (Bit) )  )
                                                 ~~ ^~~~~~~~~~~~~~~~~
UART.c(70): warning: implicit conversion changes signedness: 'int' to 'unsigned long' [-Wsign-conversion]
            CLR_BIT(UART1_CTL_R,0); // Disable the UART by clearing the UARTEN bit in the UARTCTL register.
            ^~~~~~~~~~~~~~~~~~~~~~
./BITMATH.h(5): note: expanded from macro 'CLR_BIT'
#define CLR_BIT(Reg,Bit)                 ( (Reg) &= ~( (1) << (Bit) )  )
                                                 ~~ ^~~~~~~~~~~~~~~~~
UART.c(75): warning: implicit conversion changes signedness: 'int' to 'unsigned long' [-Wsign-conversion]
            CLR_BIT(UART1_LCRH_R,3); // 111000
            ^~~~~~~~~~~~~~~~~~~~~~~
./BITMATH.h(5): note: expanded from macro 'CLR_BIT'
#define CLR_BIT(Reg,Bit)                 ( (Reg) &= ~( (1) << (Bit) )  )
                                                 ~~ ^~~~~~~~~~~~~~~~~
UART.c(99): warning: implicit conversion changes signedness: 'int' to 'unsigned long' [-Wsign-conversion]
            CLR_BIT(GPIO_PORTD_DIR_R,6);
            ^~~~~~~~~~~~~~~~~~~~~~~~~~~
./BITMATH.h(5): note: expanded from macro 'CLR_BIT'
#define CLR_BIT(Reg,Bit)                 ( (Reg) &= ~( (1) << (Bit) )  )
                                                 ~~ ^~~~~~~~~~~~~~~~~
UART.c(105): warning: implicit conversion changes signedness: 'int' to 'unsigned long' [-Wsign-conversion]
            CLR_BIT(UART2_CTL_R,0); // Disable the UART by clearing the UARTEN bit in the UARTCTL register.
            ^~~~~~~~~~~~~~~~~~~~~~
./BITMATH.h(5): note: expanded from macro 'CLR_BIT'
#define CLR_BIT(Reg,Bit)                 ( (Reg) &= ~( (1) << (Bit) )  )
                                                 ~~ ^~~~~~~~~~~~~~~~~
UART.c(110): warning: implicit conversion changes signedness: 'int' to 'unsigned long' [-Wsign-conversion]
            CLR_BIT(UART2_LCRH_R,3); // 111000
            ^~~~~~~~~~~~~~~~~~~~~~~
./BITMATH.h(5): note: expanded from macro 'CLR_BIT'
#define CLR_BIT(Reg,Bit)                 ( (Reg) &= ~( (1) << (Bit) )  )
                                                 ~~ ^~~~~~~~~~~~~~~~~
UART.c(134): warning: implicit conversion changes signedness: 'int' to 'unsigned long' [-Wsign-conversion]
            CLR_BIT(GPIO_PORTC_DIR_R,6);
            ^~~~~~~~~~~~~~~~~~~~~~~~~~~
./BITMATH.h(5): note: expanded from macro 'CLR_BIT'
#define CLR_BIT(Reg,Bit)                 ( (Reg) &= ~( (1) << (Bit) )  )
                                                 ~~ ^~~~~~~~~~~~~~~~~
UART.c(140): warning: implicit conversion changes signedness: 'int' to 'unsigned long' [-Wsign-conversion]
            CLR_BIT(UART3_CTL_R,0); // Disable the UART by clearing the UARTEN bit in the UARTCTL register.
            ^~~~~~~~~~~~~~~~~~~~~~
./BITMATH.h(5): note: expanded from macro 'CLR_BIT'
#define CLR_BIT(Reg,Bit)                 ( (Reg) &= ~( (1) << (Bit) )  )
                                                 ~~ ^~~~~~~~~~~~~~~~~
UART.c(145): warning: implicit conversion changes signedness: 'int' to 'unsigned long' [-Wsign-conversion]
            CLR_BIT(UART3_LCRH_R,3); // 111000
            ^~~~~~~~~~~~~~~~~~~~~~~
./BITMATH.h(5): note: expanded from macro 'CLR_BIT'
#define CLR_BIT(Reg,Bit)                 ( (Reg) &= ~( (1) << (Bit) )  )
                                                 ~~ ^~~~~~~~~~~~~~~~~
UART.c(169): warning: implicit conversion changes signedness: 'int' to 'unsigned long' [-Wsign-conversion]
            CLR_BIT(GPIO_PORTC_DIR_R,4);
            ^~~~~~~~~~~~~~~~~~~~~~~~~~~
./BITMATH.h(5): note: expanded from macro 'CLR_BIT'
#define CLR_BIT(Reg,Bit)                 ( (Reg) &= ~( (1) << (Bit) )  )
                                                 ~~ ^~~~~~~~~~~~~~~~~
UART.c(175): warning: implicit conversion changes signedness: 'int' to 'unsigned long' [-Wsign-conversion]
            CLR_BIT(UART4_CTL_R,0); // Disable the UART by clearing the UARTEN bit in the UARTCTL register.
            ^~~~~~~~~~~~~~~~~~~~~~
./BITMATH.h(5): note: expanded from macro 'CLR_BIT'
#define CLR_BIT(Reg,Bit)                 ( (Reg) &= ~( (1) << (Bit) )  )
                                                 ~~ ^~~~~~~~~~~~~~~~~
UART.c(180): warning: implicit conversion changes signedness: 'int' to 'unsigned long' [-Wsign-conversion]
            CLR_BIT(UART4_LCRH_R,3); // 111000
            ^~~~~~~~~~~~~~~~~~~~~~~
./BITMATH.h(5): note: expanded from macro 'CLR_BIT'
#define CLR_BIT(Reg,Bit)                 ( (Reg) &= ~( (1) << (Bit) )  )
                                                 ~~ ^~~~~~~~~~~~~~~~~
UART.c(204): warning: implicit conversion changes signedness: 'int' to 'unsigned long' [-Wsign-conversion]
            CLR_BIT(GPIO_PORTE_DIR_R,4);
            ^~~~~~~~~~~~~~~~~~~~~~~~~~~
./BITMATH.h(5): note: expanded from macro 'CLR_BIT'
#define CLR_BIT(Reg,Bit)                 ( (Reg) &= ~( (1) << (Bit) )  )
                                                 ~~ ^~~~~~~~~~~~~~~~~
UART.c(210): warning: implicit conversion changes signedness: 'int' to 'unsigned long' [-Wsign-conversion]
            CLR_BIT(UART5_CTL_R,0); // Disable the UART by clearing the UARTEN bit in the UARTCTL register.
            ^~~~~~~~~~~~~~~~~~~~~~
./BITMATH.h(5): note: expanded from macro 'CLR_BIT'
#define CLR_BIT(Reg,Bit)                 ( (Reg) &= ~( (1) << (Bit) )  )
                                                 ~~ ^~~~~~~~~~~~~~~~~
UART.c(215): warning: implicit conversion changes signedness: 'int' to 'unsigned long' [-Wsign-conversion]
            CLR_BIT(UART5_LCRH_R,3); // 111000
            ^~~~~~~~~~~~~~~~~~~~~~~
./BITMATH.h(5): note: expanded from macro 'CLR_BIT'
#define CLR_BIT(Reg,Bit)                 ( (Reg) &= ~( (1) << (Bit) )  )
                                                 ~~ ^~~~~~~~~~~~~~~~~
UART.c(239): warning: implicit conversion changes signedness: 'int' to 'unsigned long' [-Wsign-conversion]
            CLR_BIT(GPIO_PORTD_DIR_R,4);
            ^~~~~~~~~~~~~~~~~~~~~~~~~~~
./BITMATH.h(5): note: expanded from macro 'CLR_BIT'
#define CLR_BIT(Reg,Bit)                 ( (Reg) &= ~( (1) << (Bit) )  )
                                                 ~~ ^~~~~~~~~~~~~~~~~
UART.c(245): warning: implicit conversion changes signedness: 'int' to 'unsigned long' [-Wsign-conversion]
            CLR_BIT(UART6_CTL_R,0); // Disable the UART by clearing the UARTEN bit in the UARTCTL register.
            ^~~~~~~~~~~~~~~~~~~~~~
./BITMATH.h(5): note: expanded from macro 'CLR_BIT'
#define CLR_BIT(Reg,Bit)                 ( (Reg) &= ~( (1) << (Bit) )  )
                                                 ~~ ^~~~~~~~~~~~~~~~~
UART.c(250): warning: implicit conversion changes signedness: 'int' to 'unsigned long' [-Wsign-conversion]
            CLR_BIT(UART6_LCRH_R,3); // 111000
            ^~~~~~~~~~~~~~~~~~~~~~~
./BITMATH.h(5): note: expanded from macro 'CLR_BIT'
#define CLR_BIT(Reg,Bit)                 ( (Reg) &= ~( (1) << (Bit) )  )
                                                 ~~ ^~~~~~~~~~~~~~~~~
UART.c(274): warning: implicit conversion changes signedness: 'int' to 'unsigned long' [-Wsign-conversion]
            CLR_BIT(GPIO_PORTE_DIR_R,0);
            ^~~~~~~~~~~~~~~~~~~~~~~~~~~
./BITMATH.h(5): note: expanded from macro 'CLR_BIT'
#define CLR_BIT(Reg,Bit)                 ( (Reg) &= ~( (1) << (Bit) )  )
                                                 ~~ ^~~~~~~~~~~~~~~~~
UART.c(280): warning: implicit conversion changes signedness: 'int' to 'unsigned long' [-Wsign-conversion]
            CLR_BIT(UART7_CTL_R,0); // Disable the UART by clearing the UARTEN bit in the UARTCTL register.
            ^~~~~~~~~~~~~~~~~~~~~~
./BITMATH.h(5): note: expanded from macro 'CLR_BIT'
#define CLR_BIT(Reg,Bit)                 ( (Reg) &= ~( (1) << (Bit) )  )
                                                 ~~ ^~~~~~~~~~~~~~~~~
UART.c(285): warning: implicit conversion changes signedness: 'int' to 'unsigned long' [-Wsign-conversion]
            CLR_BIT(UART7_LCRH_R,3); // 111000
            ^~~~~~~~~~~~~~~~~~~~~~~
./BITMATH.h(5): note: expanded from macro 'CLR_BIT'
#define CLR_BIT(Reg,Bit)                 ( (Reg) &= ~( (1) << (Bit) )  )
                                                 ~~ ^~~~~~~~~~~~~~~~~
UART.c(340): warning: implicit conversion loses integer precision: 'volatile unsigned long' to 'uint08_t' (aka 'unsigned char') [-Wimplicit-int-conversion]
            * bytePtr = UART0_DR_R;
                      ~ ^~~~~~~~~~
./tm4c123gh6pm.h(353): note: expanded from macro 'UART0_DR_R'
#define UART0_DR_R              (*((volatile unsigned long *)0x4000C000))
                                 ^~~~~~~~~~~~~~~~~~~~~~~~~~~~~~~~~~~~~~~
UART.c(344): warning: implicit conversion loses integer precision: 'volatile unsigned long' to 'uint08_t' (aka 'unsigned char') [-Wimplicit-int-conversion]
            * bytePtr = UART1_DR_R;
                      ~ ^~~~~~~~~~
./tm4c123gh6pm.h(378): note: expanded from macro 'UART1_DR_R'
#define UART1_DR_R              (*((volatile unsigned long *)0x4000D000))
                                 ^~~~~~~~~~~~~~~~~~~~~~~~~~~~~~~~~~~~~~~
UART.c(349): warning: implicit conversion loses integer precision: 'volatile unsigned long' to 'uint08_t' (aka 'unsigned char') [-Wimplicit-int-conversion]
            * bytePtr = UART2_DR_R;
                      ~ ^~~~~~~~~~
./tm4c123gh6pm.h(403): note: expanded from macro 'UART2_DR_R'
#define UART2_DR_R              (*((volatile unsigned long *)0x4000E000))
                                 ^~~~~~~~~~~~~~~~~~~~~~~~~~~~~~~~~~~~~~~
UART.c(354): warning: implicit conversion loses integer precision: 'volatile unsigned long' to 'uint08_t' (aka 'unsigned char') [-Wimplicit-int-conversion]
            * bytePtr = UART3_DR_R;
                      ~ ^~~~~~~~~~
./tm4c123gh6pm.h(428): note: expanded from macro 'UART3_DR_R'
#define UART3_DR_R              (*((volatile unsigned long *)0x4000F000))
                                 ^~~~~~~~~~~~~~~~~~~~~~~~~~~~~~~~~~~~~~~
UART.c(359): warning: implicit conversion loses integer precision: 'volatile unsigned long' to 'uint08_t' (aka 'unsigned char') [-Wimplicit-int-conversion]
            * bytePtr = UART4_DR_R;
                      ~ ^~~~~~~~~~
./tm4c123gh6pm.h(453): note: expanded from macro 'UART4_DR_R'
#define UART4_DR_R              (*((volatile unsigned long *)0x40010000))
                                 ^~~~~~~~~~~~~~~~~~~~~~~~~~~~~~~~~~~~~~~
UART.c(364): warning: implicit conversion loses integer precision: 'volatile unsigned long' to 'uint08_t' (aka 'unsigned char') [-Wimplicit-int-conversion]
            * bytePtr = UART5_DR_R;
                      ~ ^~~~~~~~~~
./tm4c123gh6pm.h(478): note: expanded from macro 'UART5_DR_R'
#define UART5_DR_R              (*((volatile unsigned long *)0x40011000))
                                 ^~~~~~~~~~~~~~~~~~~~~~~~~~~~~~~~~~~~~~~
UART.c(369): warning: implicit conversion loses integer precision: 'volatile unsigned long' to 'uint08_t' (aka 'unsigned char') [-Wimplicit-int-conversion]
            * bytePtr = UART6_DR_R;
                      ~ ^~~~~~~~~~
./tm4c123gh6pm.h(503): note: expanded from macro 'UART6_DR_R'
#define UART6_DR_R              (*((volatile unsigned long *)0x40012000))
                                 ^~~~~~~~~~~~~~~~~~~~~~~~~~~~~~~~~~~~~~~
UART.c(374): warning: implicit conversion loses integer precision: 'volatile unsigned long' to 'uint08_t' (aka 'unsigned char') [-Wimplicit-int-conversion]
            * bytePtr = UART7_DR_R;
                      ~ ^~~~~~~~~~
./tm4c123gh6pm.h(528): note: expanded from macro 'UART7_DR_R'
#define UART7_DR_R              (*((volatile unsigned long *)0x40013000))
                                 ^~~~~~~~~~~~~~~~~~~~~~~~~~~~~~~~~~~~~~~
UART.c(433): warning: signed shift result (0x80000000) sets the sign bit of the shift expression's type ('int') and becomes negative [-Wshift-sign-overflow]
            SET_BIT(NVIC_EN1_R, 31);  // Enable interrupt for UART7
            ^~~~~~~~~~~~~~~~~~~~~~~
./BITMATH.h(4): note: expanded from macro 'SET_BIT'
#define SET_BIT(Reg,Bit)                 ( (Reg) |=  ( (1) << (Bit) )  )
                                                       ~~~ ^  ~~~~~
UART.c(433): warning: implicit conversion changes signedness: 'int' to 'unsigned long' [-Wsign-conversion]
            SET_BIT(NVIC_EN1_R, 31);  // Enable interrupt for UART7
            ^~~~~~~~~~~~~~~~~~~~~~~
./BITMATH.h(4): note: expanded from macro 'SET_BIT'
#define SET_BIT(Reg,Bit)                 ( (Reg) |=  ( (1) << (Bit) )  )
                                                 ~~    ~~~~^~~~~~~~
UART.c(389): warning: variable 'bit_no' may be uninitialized when used here [-Wconditional-uninitialized]
            CLR_BIT(UART0_ICR_R, bit_no); // Clear interrupt
                                 ^~~~~~
./BITMATH.h(5): note: expanded from macro 'CLR_BIT'
#define CLR_BIT(Reg,Bit)                 ( (Reg) &= ~( (1) << (Bit) )  )
                                                               ^~~
UART.c(381): note: initialize the variable 'bit_no' to silence this warning
    uint08_t bit_no;
                   ^
                    = '\0'
UART.c(482): warning: signed shift result (0x80000000) sets the sign bit of the shift expression's type ('int') and becomes negative [-Wshift-sign-overflow]
            SET_BIT(NVIC_DIS1_R, 31);  // Disable interrupt for UART7
            ^~~~~~~~~~~~~~~~~~~~~~~~
./BITMATH.h(4): note: expanded from macro 'SET_BIT'
#define SET_BIT(Reg,Bit)                 ( (Reg) |=  ( (1) << (Bit) )  )
                                                       ~~~ ^  ~~~~~
UART.c(482): warning: implicit conversion changes signedness: 'int' to 'unsigned long' [-Wsign-conversion]
            SET_BIT(NVIC_DIS1_R, 31);  // Disable interrupt for UART7
            ^~~~~~~~~~~~~~~~~~~~~~~~
./BITMATH.h(4): note: expanded from macro 'SET_BIT'
#define SET_BIT(Reg,Bit)                 ( (Reg) |=  ( (1) << (Bit) )  )
                                                 ~~    ~~~~^~~~~~~~
UART.c(446): warning: variable 'bit_no' may be uninitialized when used here [-Wconditional-uninitialized]
            CLR_BIT(UART0_ICR_R, bit_no); // Clear interrupt
                                 ^~~~~~
./BITMATH.h(5): note: expanded from macro 'CLR_BIT'
#define CLR_BIT(Reg,Bit)                 ( (Reg) &= ~( (1) << (Bit) )  )
                                                               ^~~
UART.c(438): note: initialize the variable 'bit_no' to silence this warning
    uint08_t bit_no;
                   ^
                    = '\0'
UART.c(491): warning: implicit conversion loses integer precision: 'volatile unsigned long' to 'uint08_t' (aka 'unsigned char') [-Wimplicit-int-conversion]
        data = UART0_DR_R; // Read the received character from UART0
             ~ ^~~~~~~~~~
./tm4c123gh6pm.h(353): note: expanded from macro 'UART0_DR_R'
#define UART0_DR_R              (*((volatile unsigned long *)0x4000C000))
                                 ^~~~~~~~~~~~~~~~~~~~~~~~~~~~~~~~~~~~~~~
UART.c(509): warning: implicit conversion loses integer precision: 'volatile unsigned long' to 'uint08_t' (aka 'unsigned char') [-Wimplicit-int-conversion]
        data = UART1_DR_R; // Read the received character from UART1
             ~ ^~~~~~~~~~
./tm4c123gh6pm.h(378): note: expanded from macro 'UART1_DR_R'
#define UART1_DR_R              (*((volatile unsigned long *)0x4000D000))
                                 ^~~~~~~~~~~~~~~~~~~~~~~~~~~~~~~~~~~~~~~
UART.c(527): warning: implicit conversion loses integer precision: 'volatile unsigned long' to 'uint08_t' (aka 'unsigned char') [-Wimplicit-int-conversion]
        data = UART2_DR_R; // Read the received character from UART2
             ~ ^~~~~~~~~~
./tm4c123gh6pm.h(403): note: expanded from macro 'UART2_DR_R'
#define UART2_DR_R              (*((volatile unsigned long *)0x4000E000))
                                 ^~~~~~~~~~~~~~~~~~~~~~~~~~~~~~~~~~~~~~~
UART.c(545): warning: implicit conversion loses integer precision: 'volatile unsigned long' to 'uint08_t' (aka 'unsigned char') [-Wimplicit-int-conversion]
        data = UART3_DR_R; // Read the received character from UART3
             ~ ^~~~~~~~~~
./tm4c123gh6pm.h(428): note: expanded from macro 'UART3_DR_R'
#define UART3_DR_R              (*((volatile unsigned long *)0x4000F000))
                                 ^~~~~~~~~~~~~~~~~~~~~~~~~~~~~~~~~~~~~~~
UART.c(563): warning: implicit conversion loses integer precision: 'volatile unsigned long' to 'uint08_t' (aka 'unsigned char') [-Wimplicit-int-conversion]
        data = UART4_DR_R; // Read the received character from UART4
             ~ ^~~~~~~~~~
./tm4c123gh6pm.h(453): note: expanded from macro 'UART4_DR_R'
#define UART4_DR_R              (*((volatile unsigned long *)0x40010000))
                                 ^~~~~~~~~~~~~~~~~~~~~~~~~~~~~~~~~~~~~~~
UART.c(581): warning: implicit conversion loses integer precision: 'volatile unsigned long' to 'uint08_t' (aka 'unsigned char') [-Wimplicit-int-conversion]
        data = UART5_DR_R; // Read the received character from UART5
             ~ ^~~~~~~~~~
./tm4c123gh6pm.h(478): note: expanded from macro 'UART5_DR_R'
#define UART5_DR_R              (*((volatile unsigned long *)0x40011000))
                                 ^~~~~~~~~~~~~~~~~~~~~~~~~~~~~~~~~~~~~~~
UART.c(599): warning: implicit conversion loses integer precision: 'volatile unsigned long' to 'uint08_t' (aka 'unsigned char') [-Wimplicit-int-conversion]
        data = UART6_DR_R; // Read the received character from UART6
             ~ ^~~~~~~~~~
./tm4c123gh6pm.h(503): note: expanded from macro 'UART6_DR_R'
#define UART6_DR_R              (*((volatile unsigned long *)0x40012000))
                                 ^~~~~~~~~~~~~~~~~~~~~~~~~~~~~~~~~~~~~~~
UART.c(617): warning: implicit conversion loses integer precision: 'volatile unsigned long' to 'uint08_t' (aka 'unsigned char') [-Wimplicit-int-conversion]
        data = UART7_DR_R; // Read the received character from UART7
             ~ ^~~~~~~~~~
./tm4c123gh6pm.h(528): note: expanded from macro 'UART7_DR_R'
#define UART7_DR_R              (*((volatile unsigned long *)0x40013000))
                                 ^~~~~~~~~~~~~~~~~~~~~~~~~~~~~~~~~~~~~~~
UART.c(6): warning: no previous extern declaration for non-static variable 'data' [-Wmissing-variable-declarations]
uint08_t data;
         ^
UART.c(6): note: declare 'static' if the variable is not intended to be used outside of this translation unit
uint08_t data;
^
47 warnings generated.
compiling UART.c...
PWM.c(5): warning: In file included from...
./PWM.h(3): warning: non-portable path to file '"Type.h"'; specified path differs in case from file name on disk [-Wnonportable-include-path]
#include "type.h"
         ^~~~~~~~
         "Type.h"
PWM.c(45): warning: default label in switch which covers all enumeration values [-Wcovered-switch-default]
                                          default: break;
                                          ^
PWM.c(79): warning: default label in switch which covers all enumeration values [-Wcovered-switch-default]
                                          default: break;
                                          ^
PWM.c(84): warning: default label in switch which covers all enumeration values [-Wcovered-switch-default]
                        default: break;
                        ^
PWM.c(92): warning: implicit conversion changes signedness: 'int' to 'unsigned long' [-Wsign-conversion]
    SYSCTL_RCC_R|=(div<<17);
                ~~ ~~~^~~~
PWM.c(109): warning: implicit conversion changes signedness: 'int' to 'unsigned long' [-Wsign-conversion]
                    GPIO_PORTB_PCTL_R&= ~(0x0F00000);
                                     ~~ ^~~~~~~~~~~~
PWM.c(119): warning: implicit conversion changes signedness: 'int' to 'unsigned long' [-Wsign-conversion]
                    GPIO_PORTB_PCTL_R&= ~(0xF000000);
                                     ~~ ^~~~~~~~~~~~
PWM.c(129): warning: implicit conversion changes signedness: 'int' to 'unsigned long' [-Wsign-conversion]
                    GPIO_PORTB_PCTL_R&= ~(0x0000F000);
                                     ~~ ^~~~~~~~~~~~~
PWM.c(139): warning: implicit conversion changes signedness: 'int' to 'unsigned long' [-Wsign-conversion]
                    GPIO_PORTB_PCTL_R&= ~(0x00F00000);
                                     ~~ ^~~~~~~~~~~~~
PWM.c(149): warning: implicit conversion changes signedness: 'int' to 'unsigned long' [-Wsign-conversion]
                    GPIO_PORTE_PCTL_R&= ~(0x00F0000);
                                     ~~ ^~~~~~~~~~~~
PWM.c(159): warning: implicit conversion changes signedness: 'int' to 'unsigned long' [-Wsign-conversion]
                    GPIO_PORTE_PCTL_R&= ~(0x00F00000);
                                     ~~ ^~~~~~~~~~~~~
PWM.c(172): warning: implicit conversion changes signedness: 'int' to 'unsigned long' [-Wsign-conversion]
                    GPIO_PORTD_PCTL_R&= ~(0x0000000F);
                                     ~~ ^~~~~~~~~~~~~
PWM.c(180): warning: implicit conversion changes signedness: 'int' to 'unsigned long' [-Wsign-conversion]
                    GPIO_PORTC_PCTL_R&= ~(0x000F0000);
                                     ~~ ^~~~~~~~~~~~~
PWM.c(190): warning: implicit conversion changes signedness: 'int' to 'unsigned long' [-Wsign-conversion]
                    GPIO_PORTD_PCTL_R&= ~(0x000000F0); 
                                     ~~ ^~~~~~~~~~~~~
PWM.c(199): warning: implicit conversion changes signedness: 'int' to 'unsigned long' [-Wsign-conversion]
                    GPIO_PORTC_PCTL_R&= ~(0x00F00000); 
                                     ~~ ^~~~~~~~~~~~~
PWM.c(214): warning: implicit conversion changes signedness: 'int' to 'unsigned long' [-Wsign-conversion]
                    GPIO_PORTD_PCTL_R&= ~(0x0000000F);
                                     ~~ ^~~~~~~~~~~~~
PWM.c(224): warning: implicit conversion changes signedness: 'int' to 'unsigned long' [-Wsign-conversion]
                    GPIO_PORTD_PCTL_R&= ~(0x000000F0);
                                     ~~ ^~~~~~~~~~~~~
PWM.c(234): warning: implicit conversion changes signedness: 'int' to 'unsigned long' [-Wsign-conversion]
                    GPIO_PORTA_PCTL_R&= ~(0x0F000000);
                                     ~~ ^~~~~~~~~~~~~
PWM.c(243): warning: implicit conversion changes signedness: 'int' to 'unsigned long' [-Wsign-conversion]
                    GPIO_PORTE_PCTL_R&= ~(0x000F0000);
                                     ~~ ^~~~~~~~~~~~~
PWM.c(263): warning: implicit conversion changes signedness: 'int' to 'unsigned long' [-Wsign-conversion]
                    GPIO_PORTE_PCTL_R &= ~(0x00F00000);
                                      ~~ ^~~~~~~~~~~~~
PWM.c(273): warning: implicit conversion changes signedness: 'int' to 'unsigned long' [-Wsign-conversion]
                    GPIO_PORTF_PCTL_R &= ~(0x0000000F);
                                      ~~ ^~~~~~~~~~~~~
PWM.c(283): warning: implicit conversion changes signedness: 'int' to 'unsigned long' [-Wsign-conversion]
                    GPIO_PORTF_PCTL_R &= ~(0x000000F0);
                                      ~~ ^~~~~~~~~~~~~
PWM.c(293): warning: implicit conversion changes signedness: 'int' to 'unsigned long' [-Wsign-conversion]
                    GPIO_PORTF_PCTL_R &= ~(0x00000F00);
                                      ~~ ^~~~~~~~~~~~~
PWM.c(303): warning: implicit conversion changes signedness: 'int' to 'unsigned long' [-Wsign-conversion]
                    GPIO_PORTF_PCTL_R&= ~(0x0000F000);
                                     ~~ ^~~~~~~~~~~~~
PWM.c(307): warning: default label in switch which covers all enumeration values [-Wcovered-switch-default]
                default:
                ^
PWM.c(313): warning: default label in switch which covers all enumeration values [-Wcovered-switch-default]
        default:
        ^
PWM.c(330): warning: implicit conversion changes signedness: 'int' to 'unsigned long' [-Wsign-conversion]
                CLR_BIT (PWM0_0_CTL_R,0);
                ^~~~~~~~~~~~~~~~~~~~~~~~
./BITMATH.h(5): note: expanded from macro 'CLR_BIT'
#define CLR_BIT(Reg,Bit)                 ( (Reg) &= ~( (1) << (Bit) )  )
                                                 ~~ ^~~~~~~~~~~~~~~~~
PWM.c(334): warning: implicit conversion changes signedness: 'int' to 'unsigned long' [-Wsign-conversion]
                CLR_BIT (PWM0_1_CTL_R,0);
                ^~~~~~~~~~~~~~~~~~~~~~~~
./BITMATH.h(5): note: expanded from macro 'CLR_BIT'
#define CLR_BIT(Reg,Bit)                 ( (Reg) &= ~( (1) << (Bit) )  )
                                                 ~~ ^~~~~~~~~~~~~~~~~
PWM.c(338): warning: implicit conversion changes signedness: 'int' to 'unsigned long' [-Wsign-conversion]
                CLR_BIT (PWM0_2_CTL_R,0);
                ^~~~~~~~~~~~~~~~~~~~~~~~
./BITMATH.h(5): note: expanded from macro 'CLR_BIT'
#define CLR_BIT(Reg,Bit)                 ( (Reg) &= ~( (1) << (Bit) )  )
                                                 ~~ ^~~~~~~~~~~~~~~~~
PWM.c(342): warning: implicit conversion changes signedness: 'int' to 'unsigned long' [-Wsign-conversion]
                CLR_BIT (PWM0_3_CTL_R,0);
                ^~~~~~~~~~~~~~~~~~~~~~~~
./BITMATH.h(5): note: expanded from macro 'CLR_BIT'
#define CLR_BIT(Reg,Bit)                 ( (Reg) &= ~( (1) << (Bit) )  )
                                                 ~~ ^~~~~~~~~~~~~~~~~
PWM.c(350): warning: implicit conversion changes signedness: 'int' to 'unsigned long' [-Wsign-conversion]
                CLR_BIT (PWM1_0_CTL_R,0);
                ^~~~~~~~~~~~~~~~~~~~~~~~
./BITMATH.h(5): note: expanded from macro 'CLR_BIT'
#define CLR_BIT(Reg,Bit)                 ( (Reg) &= ~( (1) << (Bit) )  )
                                                 ~~ ^~~~~~~~~~~~~~~~~
PWM.c(354): warning: implicit conversion changes signedness: 'int' to 'unsigned long' [-Wsign-conversion]
                CLR_BIT (PWM1_1_CTL_R,0);
                ^~~~~~~~~~~~~~~~~~~~~~~~
./BITMATH.h(5): note: expanded from macro 'CLR_BIT'
#define CLR_BIT(Reg,Bit)                 ( (Reg) &= ~( (1) << (Bit) )  )
                                                 ~~ ^~~~~~~~~~~~~~~~~
PWM.c(358): warning: implicit conversion changes signedness: 'int' to 'unsigned long' [-Wsign-conversion]
                CLR_BIT (PWM1_2_CTL_R,0);
                ^~~~~~~~~~~~~~~~~~~~~~~~
./BITMATH.h(5): note: expanded from macro 'CLR_BIT'
#define CLR_BIT(Reg,Bit)                 ( (Reg) &= ~( (1) << (Bit) )  )
                                                 ~~ ^~~~~~~~~~~~~~~~~
PWM.c(362): warning: implicit conversion changes signedness: 'int' to 'unsigned long' [-Wsign-conversion]
                CLR_BIT (PWM1_3_CTL_R,0);
                ^~~~~~~~~~~~~~~~~~~~~~~~
./BITMATH.h(5): note: expanded from macro 'CLR_BIT'
#define CLR_BIT(Reg,Bit)                 ( (Reg) &= ~( (1) << (Bit) )  )
                                                 ~~ ^~~~~~~~~~~~~~~~~
PWM.c(367): warning: default label in switch which covers all enumeration values [-Wcovered-switch-default]
        default:
        ^
PWM.c(392): warning: implicit conversion changes signedness: 'int' to 'unsigned long' [-Wsign-conversion]
                            CLR_BIT(PWM0_0_CTL_R,1);
                            ^~~~~~~~~~~~~~~~~~~~~~~
./BITMATH.h(5): note: expanded from macro 'CLR_BIT'
#define CLR_BIT(Reg,Bit)                 ( (Reg) &= ~( (1) << (Bit) )  )
                                                 ~~ ^~~~~~~~~~~~~~~~~
PWM.c(396): warning: default label in switch which covers all enumeration values [-Wcovered-switch-default]
                        default:
                        ^
PWM.c(412): warning: implicit conversion changes signedness: 'int' to 'unsigned long' [-Wsign-conversion]
                            CLR_BIT(PWM0_0_CTL_R,1);
                            ^~~~~~~~~~~~~~~~~~~~~~~
./BITMATH.h(5): note: expanded from macro 'CLR_BIT'
#define CLR_BIT(Reg,Bit)                 ( (Reg) &= ~( (1) << (Bit) )  )
                                                 ~~ ^~~~~~~~~~~~~~~~~
PWM.c(416): warning: default label in switch which covers all enumeration values [-Wcovered-switch-default]
                        default:
                        ^
PWM.c(432): warning: implicit conversion changes signedness: 'int' to 'unsigned long' [-Wsign-conversion]
                            CLR_BIT(PWM0_1_CTL_R,1);
                            ^~~~~~~~~~~~~~~~~~~~~~~
./BITMATH.h(5): note: expanded from macro 'CLR_BIT'
#define CLR_BIT(Reg,Bit)                 ( (Reg) &= ~( (1) << (Bit) )  )
                                                 ~~ ^~~~~~~~~~~~~~~~~
PWM.c(436): warning: default label in switch which covers all enumeration values [-Wcovered-switch-default]
                        default:
                        ^
PWM.c(452): warning: implicit conversion changes signedness: 'int' to 'unsigned long' [-Wsign-conversion]
                            CLR_BIT(PWM0_1_CTL_R,1);
                            ^~~~~~~~~~~~~~~~~~~~~~~
./BITMATH.h(5): note: expanded from macro 'CLR_BIT'
#define CLR_BIT(Reg,Bit)                 ( (Reg) &= ~( (1) << (Bit) )  )
                                                 ~~ ^~~~~~~~~~~~~~~~~
PWM.c(456): warning: default label in switch which covers all enumeration values [-Wcovered-switch-default]
                        default:
                        ^
PWM.c(472): warning: implicit conversion changes signedness: 'int' to 'unsigned long' [-Wsign-conversion]
                            CLR_BIT(PWM0_2_CTL_R,1);
                            ^~~~~~~~~~~~~~~~~~~~~~~
./BITMATH.h(5): note: expanded from macro 'CLR_BIT'
#define CLR_BIT(Reg,Bit)                 ( (Reg) &= ~( (1) << (Bit) )  )
                                                 ~~ ^~~~~~~~~~~~~~~~~
PWM.c(476): warning: default label in switch which covers all enumeration values [-Wcovered-switch-default]
                        default:
                        ^
PWM.c(492): warning: implicit conversion changes signedness: 'int' to 'unsigned long' [-Wsign-conversion]
                            CLR_BIT(PWM0_2_CTL_R,1);
                            ^~~~~~~~~~~~~~~~~~~~~~~
./BITMATH.h(5): note: expanded from macro 'CLR_BIT'
#define CLR_BIT(Reg,Bit)                 ( (Reg) &= ~( (1) << (Bit) )  )
                                                 ~~ ^~~~~~~~~~~~~~~~~
PWM.c(496): warning: default label in switch which covers all enumeration values [-Wcovered-switch-default]
                        default:
                        ^
PWM.c(511): warning: implicit conversion changes signedness: 'int' to 'unsigned long' [-Wsign-conversion]
                            CLR_BIT(PWM0_3_CTL_R,1);
                            ^~~~~~~~~~~~~~~~~~~~~~~
./BITMATH.h(5): note: expanded from macro 'CLR_BIT'
#define CLR_BIT(Reg,Bit)                 ( (Reg) &= ~( (1) << (Bit) )  )
                                                 ~~ ^~~~~~~~~~~~~~~~~
PWM.c(515): warning: default label in switch which covers all enumeration values [-Wcovered-switch-default]
                        default:
                        ^
PWM.c(531): warning: implicit conversion changes signedness: 'int' to 'unsigned long' [-Wsign-conversion]
                            CLR_BIT(PWM0_3_CTL_R,1);
                            ^~~~~~~~~~~~~~~~~~~~~~~
./BITMATH.h(5): note: expanded from macro 'CLR_BIT'
#define CLR_BIT(Reg,Bit)                 ( (Reg) &= ~( (1) << (Bit) )  )
                                                 ~~ ^~~~~~~~~~~~~~~~~
PWM.c(535): warning: default label in switch which covers all enumeration values [-Wcovered-switch-default]
                        default:
                        ^
PWM.c(557): warning: implicit conversion changes signedness: 'int' to 'unsigned long' [-Wsign-conversion]
                            CLR_BIT(PWM1_0_CTL_R,1);
                            ^~~~~~~~~~~~~~~~~~~~~~~
./BITMATH.h(5): note: expanded from macro 'CLR_BIT'
#define CLR_BIT(Reg,Bit)                 ( (Reg) &= ~( (1) << (Bit) )  )
                                                 ~~ ^~~~~~~~~~~~~~~~~
PWM.c(561): warning: default label in switch which covers all enumeration values [-Wcovered-switch-default]
                        default:
                        ^
PWM.c(577): warning: implicit conversion changes signedness: 'int' to 'unsigned long' [-Wsign-conversion]
                            CLR_BIT(PWM1_0_CTL_R,1);
                            ^~~~~~~~~~~~~~~~~~~~~~~
./BITMATH.h(5): note: expanded from macro 'CLR_BIT'
#define CLR_BIT(Reg,Bit)                 ( (Reg) &= ~( (1) << (Bit) )  )
                                                 ~~ ^~~~~~~~~~~~~~~~~
PWM.c(581): warning: default label in switch which covers all enumeration values [-Wcovered-switch-default]
                        default:
                        ^
PWM.c(596): warning: implicit conversion changes signedness: 'int' to 'unsigned long' [-Wsign-conversion]
                            CLR_BIT(PWM1_2_CTL_R,1);
                            ^~~~~~~~~~~~~~~~~~~~~~~
./BITMATH.h(5): note: expanded from macro 'CLR_BIT'
#define CLR_BIT(Reg,Bit)                 ( (Reg) &= ~( (1) << (Bit) )  )
                                                 ~~ ^~~~~~~~~~~~~~~~~
PWM.c(600): warning: default label in switch which covers all enumeration values [-Wcovered-switch-default]
                        default:
                        ^
PWM.c(616): warning: implicit conversion changes signedness: 'int' to 'unsigned long' [-Wsign-conversion]
                            CLR_BIT(PWM1_1_CTL_R,1);
                            ^~~~~~~~~~~~~~~~~~~~~~~
./BITMATH.h(5): note: expanded from macro 'CLR_BIT'
#define CLR_BIT(Reg,Bit)                 ( (Reg) &= ~( (1) << (Bit) )  )
                                                 ~~ ^~~~~~~~~~~~~~~~~
PWM.c(620): warning: default label in switch which covers all enumeration values [-Wcovered-switch-default]
                        default:
                        ^
PWM.c(636): warning: implicit conversion changes signedness: 'int' to 'unsigned long' [-Wsign-conversion]
                            CLR_BIT(PWM1_2_CTL_R,1);
                            ^~~~~~~~~~~~~~~~~~~~~~~
./BITMATH.h(5): note: expanded from macro 'CLR_BIT'
#define CLR_BIT(Reg,Bit)                 ( (Reg) &= ~( (1) << (Bit) )  )
                                                 ~~ ^~~~~~~~~~~~~~~~~
PWM.c(640): warning: default label in switch which covers all enumeration values [-Wcovered-switch-default]
                        default:
                        ^
PWM.c(656): warning: implicit conversion changes signedness: 'int' to 'unsigned long' [-Wsign-conversion]
                            CLR_BIT(PWM1_2_CTL_R,1);
                            ^~~~~~~~~~~~~~~~~~~~~~~
./BITMATH.h(5): note: expanded from macro 'CLR_BIT'
#define CLR_BIT(Reg,Bit)                 ( (Reg) &= ~( (1) << (Bit) )  )
                                                 ~~ ^~~~~~~~~~~~~~~~~
PWM.c(660): warning: default label in switch which covers all enumeration values [-Wcovered-switch-default]
                        default:
                        ^
PWM.c(676): warning: implicit conversion changes signedness: 'int' to 'unsigned long' [-Wsign-conversion]
                            CLR_BIT(PWM1_3_CTL_R,1);
                            ^~~~~~~~~~~~~~~~~~~~~~~
./BITMATH.h(5): note: expanded from macro 'CLR_BIT'
#define CLR_BIT(Reg,Bit)                 ( (Reg) &= ~( (1) << (Bit) )  )
                                                 ~~ ^~~~~~~~~~~~~~~~~
PWM.c(680): warning: default label in switch which covers all enumeration values [-Wcovered-switch-default]
                        default:
                        ^
PWM.c(696): warning: implicit conversion changes signedness: 'int' to 'unsigned long' [-Wsign-conversion]
                            CLR_BIT(PWM1_3_CTL_R,1);
                            ^~~~~~~~~~~~~~~~~~~~~~~
./BITMATH.h(5): note: expanded from macro 'CLR_BIT'
#define CLR_BIT(Reg,Bit)                 ( (Reg) &= ~( (1) << (Bit) )  )
                                                 ~~ ^~~~~~~~~~~~~~~~~
PWM.c(700): warning: default label in switch which covers all enumeration values [-Wcovered-switch-default]
                        default:
                        ^
PWM.c(705): warning: default label in switch which covers all enumeration values [-Wcovered-switch-default]
                default:
                ^
PWM.c(711): warning: default label in switch which covers all enumeration values [-Wcovered-switch-default]
     default:
     ^
PWM.c(748): warning: default label in switch which covers all enumeration values [-Wcovered-switch-default]
            default:
            ^
PWM.c(797): warning: default label in switch which covers all enumeration values [-Wcovered-switch-default]
            default:
            ^
PWM.c(824): warning: implicit conversion turns floating-point number into integer: 'double' to 'unsigned long' [-Wfloat-conversion]
                            PWM0_0_CMPA_R=((duty_cycle*0.01)*Load)-1;
                                         ~~~~~~~~~~~~~~~~~~~~~~~~~^~
PWM.c(828): warning: implicit conversion turns floating-point number into integer: 'double' to 'unsigned long' [-Wfloat-conversion]
                            PWM0_0_CMPA_R=(((100-duty_cycle)*0.01)*Load)-1;
                                         ~~~~~~~~~~~~~~~~~~~~~~~~~~~~~~~^~
PWM.c(831): warning: default label in switch which covers all enumeration values [-Wcovered-switch-default]
                        default:
                        ^
PWM.c(841): warning: implicit conversion turns floating-point number into integer: 'double' to 'unsigned long' [-Wfloat-conversion]
                            PWM0_0_CMPB_R=((duty_cycle*0.01)*Load)-1;
                                         ~~~~~~~~~~~~~~~~~~~~~~~~~^~
PWM.c(845): warning: implicit conversion turns floating-point number into integer: 'double' to 'unsigned long' [-Wfloat-conversion]
                            PWM0_0_CMPB_R=(((100-duty_cycle)*0.01)*Load)-1;
                                         ~~~~~~~~~~~~~~~~~~~~~~~~~~~~~~~^~
PWM.c(848): warning: default label in switch which covers all enumeration values [-Wcovered-switch-default]
                        default:
                        ^
PWM.c(859): warning: implicit conversion turns floating-point number into integer: 'double' to 'unsigned long' [-Wfloat-conversion]
                            PWM0_1_CMPA_R=((duty_cycle*0.01)*Load)-1;
                                         ~~~~~~~~~~~~~~~~~~~~~~~~~^~
PWM.c(863): warning: implicit conversion turns floating-point number into integer: 'double' to 'unsigned long' [-Wfloat-conversion]
                            PWM0_1_CMPA_R=(((100-duty_cycle)*0.01)*Load)-1;
                                         ~~~~~~~~~~~~~~~~~~~~~~~~~~~~~~~^~
PWM.c(866): warning: default label in switch which covers all enumeration values [-Wcovered-switch-default]
                        default:
                        ^
PWM.c(876): warning: implicit conversion turns floating-point number into integer: 'double' to 'unsigned long' [-Wfloat-conversion]
                            PWM0_1_CMPB_R=((duty_cycle*0.01)*Load)-1;
                                         ~~~~~~~~~~~~~~~~~~~~~~~~~^~
PWM.c(880): warning: implicit conversion turns floating-point number into integer: 'double' to 'unsigned long' [-Wfloat-conversion]
                            PWM0_1_CMPB_R=(((100-duty_cycle)*0.01)*Load)-1;
                                         ~~~~~~~~~~~~~~~~~~~~~~~~~~~~~~~^~
PWM.c(883): warning: default label in switch which covers all enumeration values [-Wcovered-switch-default]
                        default:
                        ^
PWM.c(893): warning: implicit conversion turns floating-point number into integer: 'double' to 'unsigned long' [-Wfloat-conversion]
                            PWM0_2_CMPA_R=((duty_cycle*0.01)*Load)-1;
                                         ~~~~~~~~~~~~~~~~~~~~~~~~~^~
PWM.c(897): warning: implicit conversion turns floating-point number into integer: 'double' to 'unsigned long' [-Wfloat-conversion]
                            PWM0_2_CMPA_R=(((100-duty_cycle)*0.01)*Load)-1;
                                         ~~~~~~~~~~~~~~~~~~~~~~~~~~~~~~~^~
PWM.c(900): warning: default label in switch which covers all enumeration values [-Wcovered-switch-default]
                        default:
                        ^
PWM.c(910): warning: implicit conversion turns floating-point number into integer: 'double' to 'unsigned long' [-Wfloat-conversion]
                            PWM0_2_CMPB_R=((duty_cycle*0.01)*Load)-1;
                                         ~~~~~~~~~~~~~~~~~~~~~~~~~^~
PWM.c(914): warning: implicit conversion turns floating-point number into integer: 'double' to 'unsigned long' [-Wfloat-conversion]
                            PWM0_2_CMPB_R=(((100-duty_cycle)*0.01)*Load)-1;
                                         ~~~~~~~~~~~~~~~~~~~~~~~~~~~~~~~^~
PWM.c(917): warning: default label in switch which covers all enumeration values [-Wcovered-switch-default]
                        default:
                        ^
PWM.c(927): warning: implicit conversion turns floating-point number into integer: 'double' to 'unsigned long' [-Wfloat-conversion]
                            PWM0_3_CMPA_R=((duty_cycle*0.01)*Load)-1;
                                         ~~~~~~~~~~~~~~~~~~~~~~~~~^~
PWM.c(931): warning: implicit conversion turns floating-point number into integer: 'double' to 'unsigned long' [-Wfloat-conversion]
                            PWM0_3_CMPA_R=(((100-duty_cycle)*0.01)*Load)-1;
                                         ~~~~~~~~~~~~~~~~~~~~~~~~~~~~~~~^~
PWM.c(934): warning: default label in switch which covers all enumeration values [-Wcovered-switch-default]
                        default:
                        ^
PWM.c(944): warning: implicit conversion turns floating-point number into integer: 'double' to 'unsigned long' [-Wfloat-conversion]
                            PWM0_3_CMPB_R=((duty_cycle*0.01)*Load)-1;
                                         ~~~~~~~~~~~~~~~~~~~~~~~~~^~
PWM.c(948): warning: implicit conversion turns floating-point number into integer: 'double' to 'unsigned long' [-Wfloat-conversion]
                            PWM0_3_CMPB_R=(((100-duty_cycle)*0.01)*Load)-1;
                                         ~~~~~~~~~~~~~~~~~~~~~~~~~~~~~~~^~
PWM.c(952): warning: default label in switch which covers all enumeration values [-Wcovered-switch-default]
                        default:
                        ^
PWM.c(956): warning: default label in switch which covers all enumeration values [-Wcovered-switch-default]
                default:
                ^
PWM.c(970): warning: implicit conversion turns floating-point number into integer: 'double' to 'unsigned long' [-Wfloat-conversion]
                            PWM1_0_CMPA_R=((duty_cycle*0.01)*Load)-1;
                                         ~~~~~~~~~~~~~~~~~~~~~~~~~^~
PWM.c(974): warning: implicit conversion turns floating-point number into integer: 'double' to 'unsigned long' [-Wfloat-conversion]
                            PWM1_0_CMPA_R=(((100-duty_cycle)*0.01)*Load)-1;
                                         ~~~~~~~~~~~~~~~~~~~~~~~~~~~~~~~^~
PWM.c(977): warning: default label in switch which covers all enumeration values [-Wcovered-switch-default]
                        default:
                        ^
PWM.c(987): warning: implicit conversion turns floating-point number into integer: 'double' to 'unsigned long' [-Wfloat-conversion]
                            PWM1_0_CMPB_R=((duty_cycle*0.01)*Load)-1;
                                         ~~~~~~~~~~~~~~~~~~~~~~~~~^~
PWM.c(991): warning: implicit conversion turns floating-point number into integer: 'double' to 'unsigned long' [-Wfloat-conversion]
                            PWM1_0_CMPB_R=(((100-duty_cycle)*0.01)*Load)-1;
                                         ~~~~~~~~~~~~~~~~~~~~~~~~~~~~~~~^~
PWM.c(994): warning: default label in switch which covers all enumeration values [-Wcovered-switch-default]
                        default:
                        ^
PWM.c(1005): warning: implicit conversion turns floating-point number into integer: 'double' to 'unsigned long' [-Wfloat-conversion]
                            PWM1_1_CMPA_R=((duty_cycle*0.01)*Load)-1;
                                         ~~~~~~~~~~~~~~~~~~~~~~~~~^~
PWM.c(1009): warning: implicit conversion turns floating-point number into integer: 'double' to 'unsigned long' [-Wfloat-conversion]
                            PWM1_1_CMPA_R=(((100-duty_cycle)*0.01)*Load)-1;
                                         ~~~~~~~~~~~~~~~~~~~~~~~~~~~~~~~^~
PWM.c(1012): warning: default label in switch which covers all enumeration values [-Wcovered-switch-default]
                        default:
                        ^
PWM.c(1022): warning: implicit conversion turns floating-point number into integer: 'double' to 'unsigned long' [-Wfloat-conversion]
                            PWM1_1_CMPB_R=((duty_cycle*0.01)*Load)-1;
                                         ~~~~~~~~~~~~~~~~~~~~~~~~~^~
PWM.c(1026): warning: implicit conversion turns floating-point number into integer: 'double' to 'unsigned long' [-Wfloat-conversion]
                            PWM1_1_CMPB_R=(((100-duty_cycle)*0.01)*Load)-1;
                                         ~~~~~~~~~~~~~~~~~~~~~~~~~~~~~~~^~
PWM.c(1029): warning: default label in switch which covers all enumeration values [-Wcovered-switch-default]
                        default:
                        ^
PWM.c(1039): warning: implicit conversion turns floating-point number into integer: 'double' to 'unsigned long' [-Wfloat-conversion]
                            PWM1_2_CMPA_R=((duty_cycle*0.01)*Load)-1;
                                         ~~~~~~~~~~~~~~~~~~~~~~~~~^~
PWM.c(1043): warning: implicit conversion turns floating-point number into integer: 'double' to 'unsigned long' [-Wfloat-conversion]
                            PWM1_2_CMPA_R=(((100-duty_cycle)*0.01)*Load)-1;
                                         ~~~~~~~~~~~~~~~~~~~~~~~~~~~~~~~^~
PWM.c(1046): warning: default label in switch which covers all enumeration values [-Wcovered-switch-default]
                        default:
                        ^
PWM.c(1056): warning: implicit conversion turns floating-point number into integer: 'double' to 'unsigned long' [-Wfloat-conversion]
                            PWM1_2_CMPB_R=((duty_cycle*0.01)*Load)-1;
                                         ~~~~~~~~~~~~~~~~~~~~~~~~~^~
PWM.c(1060): warning: implicit conversion turns floating-point number into integer: 'double' to 'unsigned long' [-Wfloat-conversion]
                            PWM1_2_CMPB_R=(((100-duty_cycle)*0.01)*Load)-1;
                                         ~~~~~~~~~~~~~~~~~~~~~~~~~~~~~~~^~
PWM.c(1064): warning: default label in switch which covers all enumeration values [-Wcovered-switch-default]
                        default:
                        ^
PWM.c(1074): warning: implicit conversion turns floating-point number into integer: 'double' to 'unsigned long' [-Wfloat-conversion]
                            PWM1_3_CMPA_R=((duty_cycle*0.01)*Load)-1;
                                         ~~~~~~~~~~~~~~~~~~~~~~~~~^~
PWM.c(1080): warning: implicit conversion turns floating-point number into integer: 'double' to 'unsigned long' [-Wfloat-conversion]
                            PWM1_3_CMPA_R=(((100-duty_cycle)*0.01)*Load)-1;
                                         ~~~~~~~~~~~~~~~~~~~~~~~~~~~~~~~^~
PWM.c(1085): warning: default label in switch which covers all enumeration values [-Wcovered-switch-default]
                        default:
                        ^
PWM.c(1095): warning: implicit conversion turns floating-point number into integer: 'double' to 'unsigned long' [-Wfloat-conversion]
                            PWM1_3_CMPB_R=((duty_cycle*0.01)*Load)-1;
                                         ~~~~~~~~~~~~~~~~~~~~~~~~~^~
PWM.c(1099): warning: implicit conversion turns floating-point number into integer: 'double' to 'unsigned long' [-Wfloat-conversion]
                            PWM1_3_CMPB_R=(((100-duty_cycle)*0.01)*Load)-1;
                                         ~~~~~~~~~~~~~~~~~~~~~~~~~~~~~~~^~
PWM.c(1103): warning: default label in switch which covers all enumeration values [-Wcovered-switch-default]
                        default:
                        ^
PWM.c(1107): warning: default label in switch which covers all enumeration values [-Wcovered-switch-default]
                default:
                ^
PWM.c(1113): warning: default label in switch which covers all enumeration values [-Wcovered-switch-default]
     default:
     ^
PWM.c(1190): warning: default label in switch which covers all enumeration values [-Wcovered-switch-default]
        default:
        ^
PWM.c(8): warning: no previous extern declaration for non-static variable 'Load' [-Wmissing-variable-declarations]
uint32_t Load ;
         ^
PWM.c(8): note: declare 'static' if the variable is not intended to be used outside of this translation unit
uint32_t Load ;
^
124 warnings generated.
compiling PWM.c...
RTE/Device/TM4C123GH6PM/system_TM4C123.c(576): warning: 'CLOCK_SETUP' is not defined, evaluates to 0 [-Wundef]
#if(CLOCK_SETUP)
    ^
RTE/Device/TM4C123GH6PM/system_TM4C123.c(586): warning: 'CLOCK_SETUP' is not defined, evaluates to 0 [-Wundef]
#if(CLOCK_SETUP)
    ^
2 warnings generated.
compiling system_TM4C123.c...
assembling startup_TM4C123.s...
linking...
Program Size: Code=18946 RO-data=686 RW-data=4 ZI-data=616  
".\Objects\motot.axf" - 0 Error(s), 228 Warning(s).

<h2>Software Packages used:</h2>

Package Vendor: ARM
                http://www.keil.com/pack/ARM.CMSIS.5.9.0.pack
                ARM.CMSIS.5.9.0
                CMSIS (Common Microcontroller Software Interface Standard)
   * Component: CORE Version: 5.6.0

Package Vendor: Keil
                http://www.keil.com/pack/Keil.TM4C_DFP.1.1.0.pack
                Keil.TM4C_DFP.1.1.0
                Texas Instruments Tiva C Series Device Support and Examples
   * Component: Startup Version: 1.0.1

<h2>Collection of Component include folders:</h2>
  ./RTE/_Target_1
  C:/Users/SHEREF ZEDAN/AppData/Local/Arm/Packs/ARM/CMSIS/5.9.0/CMSIS/Core/Include
  C:/Users/SHEREF ZEDAN/AppData/Local/Arm/Packs/Keil/TM4C_DFP/1.1.0/Device/Include/TM4C123

<h2>Collection of Component Files used:</h2>

   * Component: ARM::CMSIS:CORE:5.6.0

   * Component: Keil::Device:Startup:1.0.1
      Source file:   Device/Source/system_TM4C123.c
      Include file:  Device/Include/TM4C123/TM4C123.h
      Source file:   Device/Source/ARM/startup_TM4C123.s
Build Time Elapsed:  00:00:06
</pre>
</body>
</html>
